Archive member included to satisfy reference by file (symbol)

/usr/lib/gcc/arm-none-eabi/10.3.1/../../../arm-none-eabi/lib/thumb/v7-m/nofp/libg_nano.a(lib_a-fflush.o)
                              ./output/startup_gcc.o (fflush)
/usr/lib/gcc/arm-none-eabi/10.3.1/../../../arm-none-eabi/lib/thumb/v7-m/nofp/libg_nano.a(lib_a-findfp.o)
                              /usr/lib/gcc/arm-none-eabi/10.3.1/../../../arm-none-eabi/lib/thumb/v7-m/nofp/libg_nano.a(lib_a-fflush.o) (__sinit)
/usr/lib/gcc/arm-none-eabi/10.3.1/../../../arm-none-eabi/lib/thumb/v7-m/nofp/libg_nano.a(lib_a-fwalk.o)
                              /usr/lib/gcc/arm-none-eabi/10.3.1/../../../arm-none-eabi/lib/thumb/v7-m/nofp/libg_nano.a(lib_a-findfp.o) (_fwalk)
/usr/lib/gcc/arm-none-eabi/10.3.1/../../../arm-none-eabi/lib/thumb/v7-m/nofp/libg_nano.a(lib_a-impure.o)
                              /usr/lib/gcc/arm-none-eabi/10.3.1/../../../arm-none-eabi/lib/thumb/v7-m/nofp/libg_nano.a(lib_a-fflush.o) (_global_impure_ptr)
/usr/lib/gcc/arm-none-eabi/10.3.1/../../../arm-none-eabi/lib/thumb/v7-m/nofp/libg_nano.a(lib_a-memcmp.o)
                              ./output/MessageBufferDemo.o (memcmp)
/usr/lib/gcc/arm-none-eabi/10.3.1/../../../arm-none-eabi/lib/thumb/v7-m/nofp/libg_nano.a(lib_a-memcpy.o)
                              ./output/queue.o (memcpy)
/usr/lib/gcc/arm-none-eabi/10.3.1/../../../arm-none-eabi/lib/thumb/v7-m/nofp/libg_nano.a(lib_a-memset.o)
                              ./output/tasks.o (memset)
/usr/lib/gcc/arm-none-eabi/10.3.1/../../../arm-none-eabi/lib/thumb/v7-m/nofp/libg_nano.a(lib_a-nano-freer.o)
                              /usr/lib/gcc/arm-none-eabi/10.3.1/../../../arm-none-eabi/lib/thumb/v7-m/nofp/libg_nano.a(lib_a-fflush.o) (_free_r)
/usr/lib/gcc/arm-none-eabi/10.3.1/../../../arm-none-eabi/lib/thumb/v7-m/nofp/libg_nano.a(lib_a-nano-mallocr.o)
                              /usr/lib/gcc/arm-none-eabi/10.3.1/../../../arm-none-eabi/lib/thumb/v7-m/nofp/libg_nano.a(lib_a-findfp.o) (_malloc_r)
/usr/lib/gcc/arm-none-eabi/10.3.1/../../../arm-none-eabi/lib/thumb/v7-m/nofp/libg_nano.a(lib_a-sbrkr.o)
                              /usr/lib/gcc/arm-none-eabi/10.3.1/../../../arm-none-eabi/lib/thumb/v7-m/nofp/libg_nano.a(lib_a-nano-mallocr.o) (_sbrk_r)
/usr/lib/gcc/arm-none-eabi/10.3.1/../../../arm-none-eabi/lib/thumb/v7-m/nofp/libg_nano.a(lib_a-stdio.o)
                              /usr/lib/gcc/arm-none-eabi/10.3.1/../../../arm-none-eabi/lib/thumb/v7-m/nofp/libg_nano.a(lib_a-findfp.o) (__sread)
/usr/lib/gcc/arm-none-eabi/10.3.1/../../../arm-none-eabi/lib/thumb/v7-m/nofp/libg_nano.a(lib_a-strcmp.o)
                              ./output/MessageBufferAMP.o (strcmp)
/usr/lib/gcc/arm-none-eabi/10.3.1/../../../arm-none-eabi/lib/thumb/v7-m/nofp/libg_nano.a(lib_a-strcpy.o)
                              ./output/main_blinky.o (strcpy)
/usr/lib/gcc/arm-none-eabi/10.3.1/../../../arm-none-eabi/lib/thumb/v7-m/nofp/libg_nano.a(lib_a-strlen-stub.o)
                              ./output/tasks.o (strlen)
/usr/lib/gcc/arm-none-eabi/10.3.1/../../../arm-none-eabi/lib/thumb/v7-m/nofp/libg_nano.a(lib_a-strncmp.o)
                              ./output/main_blinky.o (strncmp)
/usr/lib/gcc/arm-none-eabi/10.3.1/../../../arm-none-eabi/lib/thumb/v7-m/nofp/libg_nano.a(lib_a-writer.o)
                              /usr/lib/gcc/arm-none-eabi/10.3.1/../../../arm-none-eabi/lib/thumb/v7-m/nofp/libg_nano.a(lib_a-stdio.o) (_write_r)
/usr/lib/gcc/arm-none-eabi/10.3.1/../../../arm-none-eabi/lib/thumb/v7-m/nofp/libg_nano.a(lib_a-closer.o)
                              /usr/lib/gcc/arm-none-eabi/10.3.1/../../../arm-none-eabi/lib/thumb/v7-m/nofp/libg_nano.a(lib_a-stdio.o) (_close_r)
/usr/lib/gcc/arm-none-eabi/10.3.1/../../../arm-none-eabi/lib/thumb/v7-m/nofp/libg_nano.a(lib_a-lseekr.o)
                              /usr/lib/gcc/arm-none-eabi/10.3.1/../../../arm-none-eabi/lib/thumb/v7-m/nofp/libg_nano.a(lib_a-stdio.o) (_lseek_r)
/usr/lib/gcc/arm-none-eabi/10.3.1/../../../arm-none-eabi/lib/thumb/v7-m/nofp/libg_nano.a(lib_a-mlock.o)
                              /usr/lib/gcc/arm-none-eabi/10.3.1/../../../arm-none-eabi/lib/thumb/v7-m/nofp/libg_nano.a(lib_a-nano-freer.o) (__malloc_lock)
/usr/lib/gcc/arm-none-eabi/10.3.1/../../../arm-none-eabi/lib/thumb/v7-m/nofp/libg_nano.a(lib_a-readr.o)
                              /usr/lib/gcc/arm-none-eabi/10.3.1/../../../arm-none-eabi/lib/thumb/v7-m/nofp/libg_nano.a(lib_a-stdio.o) (_read_r)
/usr/lib/gcc/arm-none-eabi/10.3.1/../../../arm-none-eabi/lib/thumb/v7-m/nofp/libg_nano.a(lib_a-reent.o)
                              /usr/lib/gcc/arm-none-eabi/10.3.1/../../../arm-none-eabi/lib/thumb/v7-m/nofp/libg_nano.a(lib_a-sbrkr.o) (errno)
/usr/lib/gcc/arm-none-eabi/10.3.1/../../../arm-none-eabi/lib/thumb/v7-m/nofp/librdimon_nano.a(rdimon-syscalls.o)
                              /usr/lib/gcc/arm-none-eabi/10.3.1/../../../arm-none-eabi/lib/thumb/v7-m/nofp/libg_nano.a(lib_a-readr.o) (_read)
[...]
Memory Configuration

Name             Origin             Length             Attributes
FLASH            0x0000000000000000 0x0000000000400000 xr
RAM              0x0000000020000000 0x0000000000400000 rw
*default*        0x0000000000000000 0xffffffffffffffff

Linker script and memory map

LOAD ./output/tasks.o
LOAD ./output/list.o
LOAD ./output/queue.o
LOAD ./output/timers.o
LOAD ./output/event_groups.o
LOAD ./output/stream_buffer.o
LOAD ./output/heap_4.o
LOAD ./output/port.o
LOAD ./output/AbortDelay.o
LOAD ./output/BlockQ.o
LOAD ./output/blocktim.o
LOAD ./output/countsem.o
LOAD ./output/death.o
LOAD ./output/dynamic.o
LOAD ./output/EventGroupsDemo.o
LOAD ./output/GenQTest.o
LOAD ./output/integer.o
LOAD ./output/IntQueue.o
LOAD ./output/IntQueueTimer.o
LOAD ./output/IntSemTest.o
LOAD ./output/MessageBufferAMP.o
LOAD ./output/MessageBufferDemo.o
LOAD ./output/PollQ.o
LOAD ./output/QPeek.o
LOAD ./output/QueueOverwrite.o
LOAD ./output/QueueSet.o
LOAD ./output/QueueSetPolling.o
LOAD ./output/recmutex.o
LOAD ./output/semtest.o
LOAD ./output/StaticAllocation.o
LOAD ./output/StreamBufferDemo.o
LOAD ./output/StreamBufferInterrupt.o
LOAD ./output/TaskNotify.o
LOAD ./output/TaskNotifyArray.o
LOAD ./output/TimerDemo.o
LOAD ./output/main.o
LOAD ./output/main_blinky.o
LOAD ./output/startup_gcc.o
LOAD ./output/printf-stdarg.o
                0x0000000000000008                _Min_Heap_Size = 0x8
                0x0000000000000400                _Min_Stack_Size = 0x400
                0x0000000020400000                _estack = (ORIGIN (RAM) + LENGTH (RAM))

.isr_vector     0x0000000000000000       0x78
                0x0000000000000000                __vector_table = .
 *(.isr_vector)
 .isr_vector    0x0000000000000000       0x78 ./output/startup_gcc.o
                0x0000000000000000                isr_vector
                0x0000000000000078                . = ALIGN (0x4)

.text           0x0000000000000078     0x1788
 *(.text)
 .text          0x0000000000000078      0x1dc /usr/lib/gcc/arm-none-eabi/10.3.1/../../../arm-none-eabi/lib/thumb/v7-m/nofp/libg_nano.a(lib_a-fflush.o)
                0x0000000000000078                __sflush_r
                0x0000000000000180                _fflush_r
                0x00000000000001d4                fflush
 .text          0x0000000000000254      0x230 /usr/lib/gcc/arm-none-eabi/10.3.1/../../../arm-none-eabi/lib/thumb/v7-m/nofp/libg_nano.a(lib_a-findfp.o)
                0x0000000000000258                _cleanup_r
                0x0000000000000268                __sfmoreglue
                0x0000000000000298                __sfp
                0x0000000000000430                _cleanup
                0x0000000000000444                __sinit
                0x000000000000044c                __sfp_lock_acquire
                0x0000000000000450                __sfp_lock_release
                0x0000000000000454                __sinit_lock_acquire
                0x0000000000000458                __sinit_lock_release
                0x000000000000045c                __fp_lock_all
                0x0000000000000470                __fp_unlock_all
 .text          0x0000000000000484       0x88 /usr/lib/gcc/arm-none-eabi/10.3.1/../../../arm-none-eabi/lib/thumb/v7-m/nofp/libg_nano.a(lib_a-fwalk.o)
                0x0000000000000484                _fwalk
                0x00000000000004c4                _fwalk_reent
 .text          0x000000000000050c       0xec /usr/lib/gcc/arm-none-eabi/10.3.1/../../../arm-none-eabi/lib/thumb/v7-m/nofp/libg_nano.a(lib_a-memcpy.o)
                0x000000000000050c                memcpy
 .text          0x00000000000005f8       0xa4 /usr/lib/gcc/arm-none-eabi/10.3.1/../../../arm-none-eabi/lib/thumb/v7-m/nofp/libg_nano.a(lib_a-memset.o)
                0x00000000000005f8                memset
 .text          0x000000000000069c       0xcc /usr/lib/gcc/arm-none-eabi/10.3.1/../../../arm-none-eabi/lib/thumb/v7-m/nofp/libg_nano.a(lib_a-nano-freer.o)
                0x000000000000069c                _free_r
 .text          0x0000000000000768       0xb8 /usr/lib/gcc/arm-none-eabi/10.3.1/../../../arm-none-eabi/lib/thumb/v7-m/nofp/libg_nano.a(lib_a-nano-mallocr.o)
                0x0000000000000768                _malloc_r
 .text          0x0000000000000820       0x24 /usr/lib/gcc/arm-none-eabi/10.3.1/../../../arm-none-eabi/lib/thumb/v7-m/nofp/libg_nano.a(lib_a-sbrkr.o)
                0x0000000000000820                _sbrk_r
 .text          0x0000000000000844       0x90 /usr/lib/gcc/arm-none-eabi/10.3.1/../../../arm-none-eabi/lib/thumb/v7-m/nofp/libg_nano.a(lib_a-stdio.o)
                0x0000000000000844                __sread
                0x0000000000000868                __seofread
                0x000000000000086c                __swrite
                0x00000000000008ac                __sseek
                0x00000000000008cc                __sclose
 .text          0x00000000000008d4       0xbc /usr/lib/gcc/arm-none-eabi/10.3.1/../../../arm-none-eabi/lib/thumb/v7-m/nofp/libg_nano.a(lib_a-strcpy.o)
                0x00000000000008d4                strcpy
 .text          0x0000000000000990       0x5c /usr/lib/gcc/arm-none-eabi/10.3.1/../../../arm-none-eabi/lib/thumb/v7-m/nofp/libg_nano.a(lib_a-strlen-stub.o)
                0x0000000000000990                strlen
 .text          0x00000000000009ec       0x7c /usr/lib/gcc/arm-none-eabi/10.3.1/../../../arm-none-eabi/lib/thumb/v7-m/nofp/libg_nano.a(lib_a-strncmp.o)
                0x00000000000009ec                strncmp
 .text          0x0000000000000a68       0x2c /usr/lib/gcc/arm-none-eabi/10.3.1/../../../arm-none-eabi/lib/thumb/v7-m/nofp/libg_nano.a(lib_a-writer.o)
                0x0000000000000a68                _write_r
 .text          0x0000000000000a94       0x24 /usr/lib/gcc/arm-none-eabi/10.3.1/../../../arm-none-eabi/lib/thumb/v7-m/nofp/libg_nano.a(lib_a-closer.o)
                0x0000000000000a94                _close_r
 .text          0x0000000000000ab8       0x2c /usr/lib/gcc/arm-none-eabi/10.3.1/../../../arm-none-eabi/lib/thumb/v7-m/nofp/libg_nano.a(lib_a-lseekr.o)
                0x0000000000000ab8                _lseek_r
 .text          0x0000000000000ae4        0x8 /usr/lib/gcc/arm-none-eabi/10.3.1/../../../arm-none-eabi/lib/thumb/v7-m/nofp/libg_nano.a(lib_a-mlock.o)
                0x0000000000000ae4                __malloc_lock
                0x0000000000000ae8                __malloc_unlock
 .text          0x0000000000000aec       0x2c /usr/lib/gcc/arm-none-eabi/10.3.1/../../../arm-none-eabi/lib/thumb/v7-m/nofp/libg_nano.a(lib_a-readr.o)
                0x0000000000000aec                _read_r
 .text          0x0000000000000b18      0xa10 /usr/lib/gcc/arm-none-eabi/10.3.1/../../../arm-none-eabi/lib/thumb/v7-m/nofp/librdimon_nano.a(rdimon-syscalls.o)
                0x0000000000000b18                _swiread
                0x0000000000000b54                _read
                0x0000000000000be4                _swilseek
                0x0000000000000cc8                _lseek
                0x0000000000000ccc                _swiwrite
                0x0000000000000d08                _write
                0x0000000000000dc4                _swiclose
                0x0000000000000dfc                _close
                0x0000000000000e94                _getpid
                0x0000000000000e98                _sbrk
                0x0000000000000eec                _swistat
                0x0000000000000f6c                _fstat
                0x0000000000000f88                _stat
                0x0000000000000fc4                _swiopen
                0x0000000000001090                _open
                0x00000000000010a4                _get_semihosting_exts
                0x00000000000011b4                _has_ext_exit_extended
                0x00000000000011f4                _has_ext_stdout_stderr
                0x0000000000001234                initialise_monitor_handles
                0x0000000000001360                _link
                0x0000000000001374                _unlink
                0x00000000000013b4                _gettimeofday
                0x00000000000013dc                _clock
                0x00000000000013f0                _times
                0x0000000000001410                _isatty
                0x0000000000001478                _system
                0x00000000000014d4                _rename
 .text          0x0000000000001528        0xc /usr/lib/gcc/arm-none-eabi/10.3.1/../../../arm-none-eabi/lib/thumb/v7-m/nofp/libc_nano.a(lib_a-errno.o)
                0x0000000000001528                __errno
 *(.rodata*)
 .rodata        0x0000000000001534       0x25 ./output/tasks.o
 *fill*         0x0000000000001559        0x3 
 .rodata        0x000000000000155c       0x1e ./output/queue.o
 *fill*         0x000000000000157a        0x2 
 .rodata        0x000000000000157c       0x2d ./output/timers.o
 *fill*         0x00000000000015a9        0x3 
 .rodata        0x00000000000015ac       0x30 ./output/heap_4.o
 .rodata        0x00000000000015dc       0x32 ./output/port.o
 *fill*         0x000000000000160e        0x2 
 .rodata        0x0000000000001610       0x8f ./output/main.o
 *fill*         0x000000000000169f        0x1 
 .rodata        0x00000000000016a0       0x9e ./output/main_blinky.o
 *fill*         0x000000000000173e        0x2 
 .rodata        0x0000000000001740       0x36 ./output/startup_gcc.o
 *fill*         0x0000000000001776        0x2 
 .rodata        0x0000000000001778        0x7 ./output/printf-stdarg.o
 *fill*         0x000000000000177f        0x1 
 .rodata        0x0000000000001780       0x60 /usr/lib/gcc/arm-none-eabi/10.3.1/../../../arm-none-eabi/lib/thumb/v7-m/nofp/libg_nano.a(lib_a-findfp.o)
                0x0000000000001780                __sf_fake_stderr
                0x00000000000017a0                __sf_fake_stdout
                0x00000000000017c0                __sf_fake_stdin
 .rodata        0x00000000000017e0        0x4 /usr/lib/gcc/arm-none-eabi/10.3.1/../../../arm-none-eabi/lib/thumb/v7-m/nofp/libg_nano.a(lib_a-impure.o)
                0x00000000000017e0                _global_impure_ptr
 .rodata.str1.4
                0x00000000000017e4       0x1c /usr/lib/gcc/arm-none-eabi/10.3.1/../../../arm-none-eabi/lib/thumb/v7-m/nofp/librdimon_nano.a(rdimon-syscalls.o)
 *(.constdata*)
                0x0000000000001800                _etext = .
                0x0000000000001800                _sidata = .

.glue_7         0x0000000000001800        0x0
 .glue_7        0x0000000000001800        0x0 linker stubs

.glue_7t        0x0000000000001800        0x0
 .glue_7t       0x0000000000001800        0x0 linker stubs

.vfp11_veneer   0x0000000000001800        0x0
 .vfp11_veneer  0x0000000000001800        0x0 linker stubs

.v4_bx          0x0000000000001800        0x0
 .v4_bx         0x0000000000001800        0x0 linker stubs

.text.xTaskCreateStatic
                0x0000000000001800       0xa4
 .text.xTaskCreateStatic
                0x0000000000001800       0xa4 ./output/tasks.o
                0x0000000000001800                xTaskCreateStatic

.text.xTaskCreate
                0x00000000000018a4       0x94
 .text.xTaskCreate
                0x00000000000018a4       0x94 ./output/tasks.o
                0x00000000000018a4                xTaskCreate

.text.prvInitialiseNewTask
                0x0000000000001938      0x108
 .text.prvInitialiseNewTask
                0x0000000000001938      0x108 ./output/tasks.o

.text.prvAddNewTaskToReadyList
                0x0000000000001a40      0x124
 .text.prvAddNewTaskToReadyList
                0x0000000000001a40      0x124 ./output/tasks.o

.text.vTaskDelay
                0x0000000000001b64       0x60
 .text.vTaskDelay
                0x0000000000001b64       0x60 ./output/tasks.o
                0x0000000000001b64                vTaskDelay

.text.vTaskStartScheduler
                0x0000000000001bc4       0xd0
 .text.vTaskStartScheduler
                0x0000000000001bc4       0xd0 ./output/tasks.o
                0x0000000000001bc4                vTaskStartScheduler

.text.vTaskSuspendAll
                0x0000000000001c94       0x1c
 .text.vTaskSuspendAll
                0x0000000000001c94       0x1c ./output/tasks.o
                0x0000000000001c94                vTaskSuspendAll

.text.xTaskResumeAll
                0x0000000000001cb0      0x1f0
 .text.xTaskResumeAll
                0x0000000000001cb0      0x1f0 ./output/tasks.o
                0x0000000000001cb0                xTaskResumeAll

.text.xTaskGetTickCount
                0x0000000000001ea0       0x1c
 .text.xTaskGetTickCount
                0x0000000000001ea0       0x1c ./output/tasks.o
                0x0000000000001ea0                xTaskGetTickCount

.text.uxTaskGetNumberOfTasks
                0x0000000000001ebc       0x14
 .text.uxTaskGetNumberOfTasks
                0x0000000000001ebc       0x14 ./output/tasks.o
                0x0000000000001ebc                uxTaskGetNumberOfTasks

.text.xTaskIncrementTick
                0x0000000000001ed0      0x234
 .text.xTaskIncrementTick
                0x0000000000001ed0      0x234 ./output/tasks.o
                0x0000000000001ed0                xTaskIncrementTick

.text.vTaskSwitchContext
                0x0000000000002104       0xf8
 .text.vTaskSwitchContext
                0x0000000000002104       0xf8 ./output/tasks.o
                0x0000000000002104                vTaskSwitchContext

.text.vTaskPlaceOnEventList
                0x00000000000021fc       0x40
 .text.vTaskPlaceOnEventList
                0x00000000000021fc       0x40 ./output/tasks.o
                0x00000000000021fc                vTaskPlaceOnEventList

.text.vTaskPlaceOnEventListRestricted
                0x000000000000223c       0x84
 .text.vTaskPlaceOnEventListRestricted
                0x000000000000223c       0x84 ./output/tasks.o
                0x000000000000223c                vTaskPlaceOnEventListRestricted

.text.xTaskRemoveFromEventList
                0x00000000000022c0      0x1a0
 .text.xTaskRemoveFromEventList
                0x00000000000022c0      0x1a0 ./output/tasks.o
                0x00000000000022c0                xTaskRemoveFromEventList

.text.vTaskInternalSetTimeOutState
                0x0000000000002460       0x2c
 .text.vTaskInternalSetTimeOutState
                0x0000000000002460       0x2c ./output/tasks.o
                0x0000000000002460                vTaskInternalSetTimeOutState

.text.xTaskCheckForTimeOut
                0x000000000000248c       0xd8
 .text.xTaskCheckForTimeOut
                0x000000000000248c       0xd8 ./output/tasks.o
                0x000000000000248c                xTaskCheckForTimeOut

.text.vTaskMissedYield
                0x0000000000002564       0x18
 .text.vTaskMissedYield
                0x0000000000002564       0x18 ./output/tasks.o
                0x0000000000002564                vTaskMissedYield

.text.prvIdleTask
                0x000000000000257c       0x12
 .text.prvIdleTask
                0x000000000000257c       0x12 ./output/tasks.o

.text.prvInitialiseTaskLists
                0x0000000000002590       0x80
 .text.prvInitialiseTaskLists
                0x0000000000002590       0x80 ./output/tasks.o

.text.prvCheckTasksWaitingTermination
                0x0000000000002610       0x5c
 .text.prvCheckTasksWaitingTermination
                0x0000000000002610       0x5c ./output/tasks.o

.text.prvDeleteTCB
                0x000000000000266c       0x58
 .text.prvDeleteTCB
                0x000000000000266c       0x58 ./output/tasks.o

.text.prvResetNextTaskUnblockTime
                0x00000000000026c4       0x34
 .text.prvResetNextTaskUnblockTime
                0x00000000000026c4       0x34 ./output/tasks.o

.text.xTaskGetSchedulerState
                0x00000000000026f8       0x3c
 .text.xTaskGetSchedulerState
                0x00000000000026f8       0x3c ./output/tasks.o
                0x00000000000026f8                xTaskGetSchedulerState

.text.xTaskPriorityInherit
                0x0000000000002734      0x13c
 .text.xTaskPriorityInherit
                0x0000000000002734      0x13c ./output/tasks.o
                0x0000000000002734                xTaskPriorityInherit

.text.xTaskPriorityDisinherit
                0x0000000000002870      0x130
 .text.xTaskPriorityDisinherit
                0x0000000000002870      0x130 ./output/tasks.o
                0x0000000000002870                xTaskPriorityDisinherit

.text.vTaskPriorityDisinheritAfterTimeout
                0x00000000000029a0      0x15c
 .text.vTaskPriorityDisinheritAfterTimeout
                0x00000000000029a0      0x15c ./output/tasks.o
                0x00000000000029a0                vTaskPriorityDisinheritAfterTimeout

.text.pvTaskIncrementMutexHeldCount
                0x0000000000002afc       0x28
 .text.pvTaskIncrementMutexHeldCount
                0x0000000000002afc       0x28 ./output/tasks.o
                0x0000000000002afc                pvTaskIncrementMutexHeldCount

.text.prvAddCurrentTaskToDelayedList
                0x0000000000002b24      0x108
 .text.prvAddCurrentTaskToDelayedList
                0x0000000000002b24      0x108 ./output/tasks.o

.iplt           0x0000000000002c2c        0x0
 .iplt          0x0000000000002c2c        0x0 ./output/tasks.o

.text.vListInitialise
                0x0000000000002c2c       0x3e
 .text.vListInitialise
                0x0000000000002c2c       0x3e ./output/list.o
                0x0000000000002c2c                vListInitialise

.text.vListInitialiseItem
                0x0000000000002c6a       0x18
 .text.vListInitialiseItem
                0x0000000000002c6a       0x18 ./output/list.o
                0x0000000000002c6a                vListInitialiseItem

.text.vListInsert
                0x0000000000002c82       0x70
 .text.vListInsert
                0x0000000000002c82       0x70 ./output/list.o
                0x0000000000002c82                vListInsert

.text.uxListRemove
                0x0000000000002cf2       0x52
 .text.uxListRemove
                0x0000000000002cf2       0x52 ./output/list.o
                0x0000000000002cf2                uxListRemove

.text.xQueueGenericReset
                0x0000000000002d44      0x10c
 .text.xQueueGenericReset
                0x0000000000002d44      0x10c ./output/queue.o
                0x0000000000002d44                xQueueGenericReset

.text.xQueueGenericCreateStatic
                0x0000000000002e50       0x9c
 .text.xQueueGenericCreateStatic
                0x0000000000002e50       0x9c ./output/queue.o
                0x0000000000002e50                xQueueGenericCreateStatic

.text.xQueueGenericCreate
                0x0000000000002eec       0x9c
 .text.xQueueGenericCreate
                0x0000000000002eec       0x9c ./output/queue.o
                0x0000000000002eec                xQueueGenericCreate

.text.prvInitialiseNewQueue
                0x0000000000002f88       0x44
 .text.prvInitialiseNewQueue
                0x0000000000002f88       0x44 ./output/queue.o

.text.xQueueGenericSendFromISR
                0x0000000000002fcc      0x168
 .text.xQueueGenericSendFromISR
                0x0000000000002fcc      0x168 ./output/queue.o
                0x0000000000002fcc                xQueueGenericSendFromISR

.text.xQueueGiveFromISR
                0x0000000000003134      0x13c
 .text.xQueueGiveFromISR
                0x0000000000003134      0x13c ./output/queue.o
                0x0000000000003134                xQueueGiveFromISR

.text.xQueueReceive
                0x0000000000003270      0x1a0
 .text.xQueueReceive
                0x0000000000003270      0x1a0 ./output/queue.o
                0x0000000000003270                xQueueReceive

.text.xQueueSemaphoreTake
                0x0000000000003410      0x1dc
 .text.xQueueSemaphoreTake
                0x0000000000003410      0x1dc ./output/queue.o
                0x0000000000003410                xQueueSemaphoreTake

.text.xQueueReceiveFromISR
                0x00000000000035ec      0x110
 .text.xQueueReceiveFromISR
                0x00000000000035ec      0x110 ./output/queue.o
                0x00000000000035ec                xQueueReceiveFromISR

.text.prvGetDisinheritPriorityAfterTimeout
                0x00000000000036fc       0x2e
 .text.prvGetDisinheritPriorityAfterTimeout
                0x00000000000036fc       0x2e ./output/queue.o

.text.prvCopyDataToQueue
                0x000000000000372a       0xd4
 .text.prvCopyDataToQueue
                0x000000000000372a       0xd4 ./output/queue.o

.text.prvCopyDataFromQueue
                0x00000000000037fe       0x4c
 .text.prvCopyDataFromQueue
                0x00000000000037fe       0x4c ./output/queue.o

.text.prvUnlockQueue
                0x000000000000384a       0xbe
 .text.prvUnlockQueue
                0x000000000000384a       0xbe ./output/queue.o

.text.prvIsQueueEmpty
                0x0000000000003908       0x2c
 .text.prvIsQueueEmpty
                0x0000000000003908       0x2c ./output/queue.o

.text.xQueueIsQueueFullFromISR
                0x0000000000003934       0x40
 .text.xQueueIsQueueFullFromISR
                0x0000000000003934       0x40 ./output/queue.o
                0x0000000000003934                xQueueIsQueueFullFromISR

.text.vQueueAddToRegistry
                0x0000000000003974       0x90
 .text.vQueueAddToRegistry
                0x0000000000003974       0x90 ./output/queue.o
                0x0000000000003974                vQueueAddToRegistry

.text.vQueueWaitForMessageRestricted
                0x0000000000003a04       0x68
 .text.vQueueWaitForMessageRestricted
                0x0000000000003a04       0x68 ./output/queue.o
                0x0000000000003a04                vQueueWaitForMessageRestricted

.text.prvNotifyQueueSetContainer
                0x0000000000003a6c       0xc0
 .text.prvNotifyQueueSetContainer
                0x0000000000003a6c       0xc0 ./output/queue.o

.text.xTimerCreateTimerTask
                0x0000000000003b2c       0x88
 .text.xTimerCreateTimerTask
                0x0000000000003b2c       0x88 ./output/timers.o
                0x0000000000003b2c                xTimerCreateTimerTask

.text.prvReloadTimer
                0x0000000000003bb4       0x42
 .text.prvReloadTimer
                0x0000000000003bb4       0x42 ./output/timers.o

.text.prvProcessExpiredTimer
                0x0000000000003bf8       0x60
 .text.prvProcessExpiredTimer
                0x0000000000003bf8       0x60 ./output/timers.o

.text.prvTimerTask
                0x0000000000003c58       0x24
 .text.prvTimerTask
                0x0000000000003c58       0x24 ./output/timers.o

.text.prvProcessTimerOrBlockTask
                0x0000000000003c7c       0x9c
 .text.prvProcessTimerOrBlockTask
                0x0000000000003c7c       0x9c ./output/timers.o

.text.prvGetNextExpireTime
                0x0000000000003d18       0x44
 .text.prvGetNextExpireTime
                0x0000000000003d18       0x44 ./output/timers.o

.text.prvSampleTimeNow
                0x0000000000003d5c       0x40
 .text.prvSampleTimeNow
                0x0000000000003d5c       0x40 ./output/timers.o

.text.prvInsertTimerInActiveList
                0x0000000000003d9c       0x84
 .text.prvInsertTimerInActiveList
                0x0000000000003d9c       0x84 ./output/timers.o

.text.prvProcessReceivedCommands
                0x0000000000003e20      0x1a0
 .text.prvProcessReceivedCommands
                0x0000000000003e20      0x1a0 ./output/timers.o

.text.prvSwitchTimerLists
                0x0000000000003fc0       0x4c
 .text.prvSwitchTimerLists
                0x0000000000003fc0       0x4c ./output/timers.o

.text.prvCheckForValidListAndQueue
                0x000000000000400c       0x80
 .text.prvCheckForValidListAndQueue
                0x000000000000400c       0x80 ./output/timers.o

.text.pvPortMalloc
                0x000000000000408c      0x168
 .text.pvPortMalloc
                0x000000000000408c      0x168 ./output/heap_4.o
                0x000000000000408c                pvPortMalloc

.text.vPortFree
                0x00000000000041f4       0xa4
 .text.vPortFree
                0x00000000000041f4       0xa4 ./output/heap_4.o
                0x00000000000041f4                vPortFree

.text.prvHeapInit
                0x0000000000004298       0xb8
 .text.prvHeapInit
                0x0000000000004298       0xb8 ./output/heap_4.o

.text.prvInsertBlockIntoFreeList
                0x0000000000004350       0xb0
 .text.prvInsertBlockIntoFreeList
                0x0000000000004350       0xb0 ./output/heap_4.o

.text.pxPortInitialiseStack
                0x0000000000004400       0x58
 .text.pxPortInitialiseStack
                0x0000000000004400       0x58 ./output/port.o
                0x0000000000004400                pxPortInitialiseStack

.text.prvTaskExitError
                0x0000000000004458       0x4c
 .text.prvTaskExitError
                0x0000000000004458       0x4c ./output/port.o

.text.vPortSVCHandler
                0x00000000000044b0       0x28
 .text.vPortSVCHandler
                0x00000000000044b0       0x28 ./output/port.o
                0x00000000000044b0                vPortSVCHandler

.text.prvPortStartFirstTask
                0x00000000000044d8       0x24
 .text.prvPortStartFirstTask
                0x00000000000044d8       0x24 ./output/port.o

.text.xPortStartScheduler
                0x00000000000044fc       0xc0
 .text.xPortStartScheduler
                0x00000000000044fc       0xc0 ./output/port.o
                0x00000000000044fc                xPortStartScheduler

.text.vPortEnterCritical
                0x00000000000045bc       0x54
 .text.vPortEnterCritical
                0x00000000000045bc       0x54 ./output/port.o
                0x00000000000045bc                vPortEnterCritical

.text.vPortExitCritical
                0x0000000000004610       0x48
 .text.vPortExitCritical
                0x0000000000004610       0x48 ./output/port.o
                0x0000000000004610                vPortExitCritical

.text.xPortPendSVHandler
                0x0000000000004660       0x48
 .text.xPortPendSVHandler
                0x0000000000004660       0x48 ./output/port.o
                0x0000000000004660                xPortPendSVHandler

.text.xPortSysTickHandler
                0x00000000000046a8       0x44
 .text.xPortSysTickHandler
                0x00000000000046a8       0x44 ./output/port.o
                0x00000000000046a8                xPortSysTickHandler

.text.vPortSetupTimerInterrupt
                0x00000000000046ec       0x34
 .text.vPortSetupTimerInterrupt
                0x00000000000046ec       0x34 ./output/port.o
                0x00000000000046ec                vPortSetupTimerInterrupt

.text.vPortValidateInterruptPriority
                0x0000000000004720       0x68
 .text.vPortValidateInterruptPriority
                0x0000000000004720       0x68 ./output/port.o
                0x0000000000004720                vPortValidateInterruptPriority

.text.prvRecordValue_NormallyFull
                0x0000000000004788       0x3c
 .text.prvRecordValue_NormallyFull
                0x0000000000004788       0x3c ./output/IntQueue.o

.text.prvRecordValue_NormallyEmpty
                0x00000000000047c4       0x3c
 .text.prvRecordValue_NormallyEmpty
                0x00000000000047c4       0x3c ./output/IntQueue.o

.text.prvQueueAccessLogError
                0x0000000000004800       0x28
 .text.prvQueueAccessLogError
                0x0000000000004800       0x28 ./output/IntQueue.o

.text.xFirstTimerHandler
                0x0000000000004828      0x1b8
 .text.xFirstTimerHandler
                0x0000000000004828      0x1b8 ./output/IntQueue.o
                0x0000000000004828                xFirstTimerHandler

.text.xSecondTimerHandler
                0x00000000000049e0      0x290
 .text.xSecondTimerHandler
                0x00000000000049e0      0x290 ./output/IntQueue.o
                0x00000000000049e0                xSecondTimerHandler

.text.TIMER0_Handler
                0x0000000000004c70       0x48
 .text.TIMER0_Handler
                0x0000000000004c70       0x48 ./output/IntQueueTimer.o
                0x0000000000004c70                TIMER0_Handler

.text.TIMER1_Handler
                0x0000000000004cb8       0x48
 .text.TIMER1_Handler
                0x0000000000004cb8       0x48 ./output/IntQueueTimer.o
                0x0000000000004cb8                TIMER1_Handler

.text.main      0x0000000000004d00       0x10
 .text.main     0x0000000000004d00       0x10 ./output/main.o
                0x0000000000004d00                main

.text.vApplicationMallocFailedHook
                0x0000000000004d10       0x28
 .text.vApplicationMallocFailedHook
                0x0000000000004d10       0x28 ./output/main.o
                0x0000000000004d10                vApplicationMallocFailedHook

.text.vApplicationStackOverflowHook
                0x0000000000004d38       0x2c
 .text.vApplicationStackOverflowHook
                0x0000000000004d38       0x2c ./output/main.o
                0x0000000000004d38                vApplicationStackOverflowHook

.text.vApplicationTickHook
                0x0000000000004d64        0xc
 .text.vApplicationTickHook
                0x0000000000004d64        0xc ./output/main.o
                0x0000000000004d64                vApplicationTickHook

.text.vAssertCalled
                0x0000000000004d70       0x3c
 .text.vAssertCalled
                0x0000000000004d70       0x3c ./output/main.o
                0x0000000000004d70                vAssertCalled

.text.vApplicationGetIdleTaskMemory
                0x0000000000004dac       0x30
 .text.vApplicationGetIdleTaskMemory
                0x0000000000004dac       0x30 ./output/main.o
                0x0000000000004dac                vApplicationGetIdleTaskMemory

.text.vApplicationGetTimerTaskMemory
                0x0000000000004ddc       0x30
 .text.vApplicationGetTimerTaskMemory
                0x0000000000004ddc       0x30 ./output/main.o
                0x0000000000004ddc                vApplicationGetTimerTaskMemory

.text.prvUARTInit
                0x0000000000004e0c       0x20
 .text.prvUARTInit
                0x0000000000004e0c       0x20 ./output/main.o

.text.vBlinkyTask
                0x0000000000004e2c       0x24
 .text.vBlinkyTask
                0x0000000000004e2c       0x24 ./output/main_blinky.o

.text.vUARTTask
                0x0000000000004e50       0x88
 .text.vUARTTask
                0x0000000000004e50       0x88 ./output/main_blinky.o

.text.vUARTInterruptHandler
                0x0000000000004ed8       0x40
 .text.vUARTInterruptHandler
                0x0000000000004ed8       0x40 ./output/main_blinky.o

.text.main_blinky
                0x0000000000004f18       0x6c
 .text.main_blinky
                0x0000000000004f18       0x6c ./output/main_blinky.o
                0x0000000000004f18                main_blinky

.text.gpio_init
                0x0000000000004f84       0x1c
 .text.gpio_init
                0x0000000000004f84       0x1c ./output/main_blinky.o
                0x0000000000004f84                gpio_init

.text.gpio_toggle
                0x0000000000004fa0       0x3c
 .text.gpio_toggle
                0x0000000000004fa0       0x3c ./output/main_blinky.o
                0x0000000000004fa0                gpio_toggle

.text.uart_init
                0x0000000000004fdc       0x14
 .text.uart_init
                0x0000000000004fdc       0x14 ./output/main_blinky.o
                0x0000000000004fdc                uart_init

.text.uart_set_interrupt_handler
                0x0000000000004ff0       0x1c
 .text.uart_set_interrupt_handler
                0x0000000000004ff0       0x1c ./output/main_blinky.o
                0x0000000000004ff0                uart_set_interrupt_handler

.text.uart_read
                0x000000000000500c       0x28
 .text.uart_read
                0x000000000000500c       0x28 ./output/main_blinky.o
                0x000000000000500c                uart_read

.text.uart_write
                0x0000000000005034       0x20
 .text.uart_write
                0x0000000000005034       0x20 ./output/main_blinky.o
                0x0000000000005034                uart_write

.text.vApplicationIdleHook
                0x0000000000005054        0xc
 .text.vApplicationIdleHook
                0x0000000000005054        0xc ./output/main_blinky.o
                0x0000000000005054                vApplicationIdleHook

.text.Reset_Handler
                0x0000000000005060        0xc
 .text.Reset_Handler
                0x0000000000005060        0xc ./output/startup_gcc.o
                0x0000000000005060                Reset_Handler

.text.prvGetRegistersFromStack
                0x000000000000506c       0x84
 .text.prvGetRegistersFromStack
                0x000000000000506c       0x84 ./output/startup_gcc.o
                0x000000000000506c                prvGetRegistersFromStack

.text.Default_Handler
                0x0000000000005100       0x18
 .text.Default_Handler
                0x0000000000005100       0x18 ./output/startup_gcc.o

.text.HardFault_Handler
                0x0000000000005200       0x1c
 .text.HardFault_Handler
                0x0000000000005200       0x1c ./output/startup_gcc.o

.text.printchar
                0x000000000000521c       0x62
 .text.printchar
                0x000000000000521c       0x62 ./output/printf-stdarg.o

.text.prints    0x000000000000527e       0xb6
 .text.prints   0x000000000000527e       0xb6 ./output/printf-stdarg.o

.text.printi    0x0000000000005334       0xe2
 .text.printi   0x0000000000005334       0xe2 ./output/printf-stdarg.o

.text.tiny_print
                0x0000000000005418      0x1fc
 .text.tiny_print
                0x0000000000005418      0x1fc ./output/printf-stdarg.o

.text.printf    0x0000000000005614       0x2a
 .text.printf   0x0000000000005614       0x2a ./output/printf-stdarg.o
                0x0000000000005614                printf

.rel.dyn        0x0000000000005640        0x0
 .rel.iplt      0x0000000000005640        0x0 ./output/tasks.o

.data           0x0000000020000000       0x70
                0x0000000020000000                . = ALIGN (0x8)
                0x0000000020000000                _data = .
                0x0000000020000000                _sdata = .
 *(vtable)
 *(.data)
 .data          0x0000000020000000       0x64 /usr/lib/gcc/arm-none-eabi/10.3.1/../../../arm-none-eabi/lib/thumb/v7-m/nofp/libg_nano.a(lib_a-impure.o)
                0x0000000020000000                _impure_ptr
 .data          0x0000000020000064        0xc /usr/lib/gcc/arm-none-eabi/10.3.1/../../../arm-none-eabi/lib/thumb/v7-m/nofp/librdimon_nano.a(rdimon-syscalls.o)
                0x0000000020000064                __heap_limit
                0x0000000020000070                _edata = .

.data.uxTopUsedPriority
                0x0000000020000070        0x4
 .data.uxTopUsedPriority
                0x0000000020000070        0x4 ./output/tasks.o
                0x0000000020000070                uxTopUsedPriority

.igot.plt       0x0000000020000074        0x0
 .igot.plt      0x0000000020000074        0x0 ./output/tasks.o

.data.uxCriticalNesting
                0x0000000020000074        0x4
 .data.uxCriticalNesting
                0x0000000020000074        0x4 ./output/port.o

.data.xErrorStatus
                0x0000000020000078        0x4
 .data.xErrorStatus
                0x0000000020000078        0x4 ./output/IntQueue.o

.data.xBlinkingEnabled
                0x000000002000007c        0x4
 .data.xBlinkingEnabled
                0x000000002000007c        0x4 ./output/main_blinky.o

.bss            0x0000000020000080       0xbc
                0x0000000020000080                . = ALIGN (0x8)
                0x0000000020000080                _bss = .
                0x0000000020000080                _sbss = .
 *(.bss)
 .bss           0x0000000020000080        0x8 /usr/lib/gcc/arm-none-eabi/10.3.1/../../../arm-none-eabi/lib/thumb/v7-m/nofp/libg_nano.a(lib_a-nano-mallocr.o)
                0x0000000020000080                __malloc_free_list
                0x0000000020000084                __malloc_sbrk_start
 .bss           0x0000000020000088        0x4 /usr/lib/gcc/arm-none-eabi/10.3.1/../../../arm-none-eabi/lib/thumb/v7-m/nofp/libg_nano.a(lib_a-reent.o)
                0x0000000020000088                errno
 .bss           0x000000002000008c       0xb0 /usr/lib/gcc/arm-none-eabi/10.3.1/../../../arm-none-eabi/lib/thumb/v7-m/nofp/librdimon_nano.a(rdimon-syscalls.o)
                0x000000002000013c                _ebss = .

.bss.pxCurrentTCB
                0x000000002000013c        0x4
 .bss.pxCurrentTCB
                0x000000002000013c        0x4 ./output/tasks.o
                0x000000002000013c                pxCurrentTCB

.bss.pxReadyTasksLists
                0x0000000020000140       0xb4
 .bss.pxReadyTasksLists
                0x0000000020000140       0xb4 ./output/tasks.o

.bss.xDelayedTaskList1
                0x00000000200001f4       0x14
 .bss.xDelayedTaskList1
                0x00000000200001f4       0x14 ./output/tasks.o

.bss.xDelayedTaskList2
                0x0000000020000208       0x14
 .bss.xDelayedTaskList2
                0x0000000020000208       0x14 ./output/tasks.o

.bss.pxDelayedTaskList
                0x000000002000021c        0x4
 .bss.pxDelayedTaskList
                0x000000002000021c        0x4 ./output/tasks.o

.bss.pxOverflowDelayedTaskList
                0x0000000020000220        0x4
 .bss.pxOverflowDelayedTaskList
                0x0000000020000220        0x4 ./output/tasks.o

.bss.xPendingReadyList
                0x0000000020000224       0x14
 .bss.xPendingReadyList
                0x0000000020000224       0x14 ./output/tasks.o

.bss.xTasksWaitingTermination
                0x0000000020000238       0x14
 .bss.xTasksWaitingTermination
                0x0000000020000238       0x14 ./output/tasks.o

.bss.uxDeletedTasksWaitingCleanUp
                0x000000002000024c        0x4
 .bss.uxDeletedTasksWaitingCleanUp
                0x000000002000024c        0x4 ./output/tasks.o

.bss.xSuspendedTaskList
                0x0000000020000250       0x14
 .bss.xSuspendedTaskList
                0x0000000020000250       0x14 ./output/tasks.o

.bss.uxCurrentNumberOfTasks
                0x0000000020000264        0x4
 .bss.uxCurrentNumberOfTasks
                0x0000000020000264        0x4 ./output/tasks.o

.bss.xTickCount
                0x0000000020000268        0x4
 .bss.xTickCount
                0x0000000020000268        0x4 ./output/tasks.o

.bss.uxTopReadyPriority
                0x000000002000026c        0x4
 .bss.uxTopReadyPriority
                0x000000002000026c        0x4 ./output/tasks.o

.bss.xSchedulerRunning
                0x0000000020000270        0x4
 .bss.xSchedulerRunning
                0x0000000020000270        0x4 ./output/tasks.o

.bss.xPendedTicks
                0x0000000020000274        0x4
 .bss.xPendedTicks
                0x0000000020000274        0x4 ./output/tasks.o

.bss.xYieldPending
                0x0000000020000278        0x4
 .bss.xYieldPending
                0x0000000020000278        0x4 ./output/tasks.o

.bss.xNumOfOverflows
                0x000000002000027c        0x4
 .bss.xNumOfOverflows
                0x000000002000027c        0x4 ./output/tasks.o

.bss.uxTaskNumber
                0x0000000020000280        0x4
 .bss.uxTaskNumber
                0x0000000020000280        0x4 ./output/tasks.o

.bss.xNextTaskUnblockTime
                0x0000000020000284        0x4
 .bss.xNextTaskUnblockTime
                0x0000000020000284        0x4 ./output/tasks.o

.bss.xIdleTaskHandle
                0x0000000020000288        0x4
 .bss.xIdleTaskHandle
                0x0000000020000288        0x4 ./output/tasks.o

.bss.uxSchedulerSuspended
                0x000000002000028c        0x4
 .bss.uxSchedulerSuspended
                0x000000002000028c        0x4 ./output/tasks.o

.bss.xQueueRegistry
                0x0000000020000290       0x50
 .bss.xQueueRegistry
                0x0000000020000290       0x50 ./output/queue.o
                0x0000000020000290                xQueueRegistry

.bss.xActiveTimerList1
                0x00000000200002e0       0x14
 .bss.xActiveTimerList1
                0x00000000200002e0       0x14 ./output/timers.o

.bss.xActiveTimerList2
                0x00000000200002f4       0x14
 .bss.xActiveTimerList2
                0x00000000200002f4       0x14 ./output/timers.o

.bss.pxCurrentTimerList
                0x0000000020000308        0x4
 .bss.pxCurrentTimerList
                0x0000000020000308        0x4 ./output/timers.o

.bss.pxOverflowTimerList
                0x000000002000030c        0x4
 .bss.pxOverflowTimerList
                0x000000002000030c        0x4 ./output/timers.o

.bss.xTimerQueue
                0x0000000020000310        0x4
 .bss.xTimerQueue
                0x0000000020000310        0x4 ./output/timers.o

.bss.xTimerTaskHandle
                0x0000000020000314        0x4
 .bss.xTimerTaskHandle
                0x0000000020000314        0x4 ./output/timers.o

.bss.xLastTime.2
                0x0000000020000318        0x4
 .bss.xLastTime.2
                0x0000000020000318        0x4 ./output/timers.o

.bss.ucStaticTimerQueueStorage.1
                0x000000002000031c      0x140
 .bss.ucStaticTimerQueueStorage.1
                0x000000002000031c      0x140 ./output/timers.o

.bss.xStaticTimerQueue.0
                0x000000002000045c       0x4c
 .bss.xStaticTimerQueue.0
                0x000000002000045c       0x4c ./output/timers.o

.bss.ucHeap     0x00000000200004a8     0xf000
 .bss.ucHeap    0x00000000200004a8     0xf000 ./output/heap_4.o

.bss.xStart     0x000000002000f4a8        0x8
 .bss.xStart    0x000000002000f4a8        0x8 ./output/heap_4.o

.bss.pxEnd      0x000000002000f4b0        0x4
 .bss.pxEnd     0x000000002000f4b0        0x4 ./output/heap_4.o

.bss.xFreeBytesRemaining
                0x000000002000f4b4        0x4
 .bss.xFreeBytesRemaining
                0x000000002000f4b4        0x4 ./output/heap_4.o

.bss.xMinimumEverFreeBytesRemaining
                0x000000002000f4b8        0x4
 .bss.xMinimumEverFreeBytesRemaining
                0x000000002000f4b8        0x4 ./output/heap_4.o

.bss.xNumberOfSuccessfulAllocations
                0x000000002000f4bc        0x4
 .bss.xNumberOfSuccessfulAllocations
                0x000000002000f4bc        0x4 ./output/heap_4.o

.bss.xNumberOfSuccessfulFrees
                0x000000002000f4c0        0x4
 .bss.xNumberOfSuccessfulFrees
                0x000000002000f4c0        0x4 ./output/heap_4.o

.bss.ucMaxSysCallPriority
                0x000000002000f4c4        0x1
 .bss.ucMaxSysCallPriority
                0x000000002000f4c4        0x1 ./output/port.o

.bss.ulMaxPRIGROUPValue
                0x000000002000f4c8        0x4
 .bss.ulMaxPRIGROUPValue
                0x000000002000f4c8        0x4 ./output/port.o

.bss.xNormallyEmptyQueue
                0x000000002000f4cc        0x4
 .bss.xNormallyEmptyQueue
                0x000000002000f4cc        0x4 ./output/IntQueue.o

.bss.xNormallyFullQueue
                0x000000002000f4d0        0x4
 .bss.xNormallyFullQueue
                0x000000002000f4d0        0x4 ./output/IntQueue.o

.bss.xErrorLine
                0x000000002000f4d4        0x4
 .bss.xErrorLine
                0x000000002000f4d4        0x4 ./output/IntQueue.o

.bss.uxValueForNormallyEmptyQueue
                0x000000002000f4d8        0x4
 .bss.uxValueForNormallyEmptyQueue
                0x000000002000f4d8        0x4 ./output/IntQueue.o

.bss.uxValueForNormallyFullQueue
                0x000000002000f4dc        0x4
 .bss.uxValueForNormallyFullQueue
                0x000000002000f4dc        0x4 ./output/IntQueue.o

.bss.ucNormallyEmptyReceivedValues
                0x000000002000f4e0       0xc8
 .bss.ucNormallyEmptyReceivedValues
                0x000000002000f4e0       0xc8 ./output/IntQueue.o

.bss.ucNormallyFullReceivedValues
                0x000000002000f5a8       0xc8
 .bss.ucNormallyFullReceivedValues
                0x000000002000f5a8       0xc8 ./output/IntQueue.o

.bss.uxNextOperation.5
                0x000000002000f670        0x4
 .bss.uxNextOperation.5
                0x000000002000f670        0x4 ./output/IntQueue.o

.bss.uxNextOperation.4
                0x000000002000f674        0x4
 .bss.uxNextOperation.4
                0x000000002000f674        0x4 ./output/IntQueue.o

.bss.ulNest     0x000000002000f678        0x4
 .bss.ulNest    0x000000002000f678        0x4 ./output/IntQueueTimer.o
                0x000000002000f678                ulNest

.bss.ulNestCount
                0x000000002000f67c        0x4
 .bss.ulNestCount
                0x000000002000f67c        0x4 ./output/IntQueueTimer.o
                0x000000002000f67c                ulNestCount

.bss.xIdleTaskTCB.3
                0x000000002000f680       0x5c
 .bss.xIdleTaskTCB.3
                0x000000002000f680       0x5c ./output/main.o

.bss.uxIdleTaskStack.2
                0x000000002000f6dc      0x140
 .bss.uxIdleTaskStack.2
                0x000000002000f6dc      0x140 ./output/main.o

.bss.xTimerTaskTCB.1
                0x000000002000f81c       0x5c
 .bss.xTimerTaskTCB.1
                0x000000002000f81c       0x5c ./output/main.o

.bss.uxTimerTaskStack.0
                0x000000002000f878      0x280
 .bss.uxTimerTaskStack.0
                0x000000002000f878      0x280 ./output/main.o

.bss.xUARTSemaphore
                0x000000002000faf8        0x4
 .bss.xUARTSemaphore
                0x000000002000faf8        0x4 ./output/main_blinky.o

.bss.state.0    0x000000002000fafc        0x4
 .bss.state.0   0x000000002000fafc        0x4 ./output/main_blinky.o

.bss.r0         0x000000002000fb00        0x4
 .bss.r0        0x000000002000fb00        0x4 ./output/startup_gcc.o
                0x000000002000fb00                r0

.bss.r1         0x000000002000fb04        0x4
 .bss.r1        0x000000002000fb04        0x4 ./output/startup_gcc.o
                0x000000002000fb04                r1

.bss.r2         0x000000002000fb08        0x4
 .bss.r2        0x000000002000fb08        0x4 ./output/startup_gcc.o
                0x000000002000fb08                r2

.bss.r3         0x000000002000fb0c        0x4
 .bss.r3        0x000000002000fb0c        0x4 ./output/startup_gcc.o
                0x000000002000fb0c                r3

.bss.r12        0x000000002000fb10        0x4
 .bss.r12       0x000000002000fb10        0x4 ./output/startup_gcc.o
                0x000000002000fb10                r12

.bss.lr         0x000000002000fb14        0x4
 .bss.lr        0x000000002000fb14        0x4 ./output/startup_gcc.o
                0x000000002000fb14                lr

.bss.pc         0x000000002000fb18        0x4
 .bss.pc        0x000000002000fb18        0x4 ./output/startup_gcc.o
                0x000000002000fb18                pc

.bss.psr        0x000000002000fb1c        0x4
 .bss.psr       0x000000002000fb1c        0x4 ./output/startup_gcc.o
                0x000000002000fb1c                psr

.heap           0x000000002000fb20      0x408
                0x000000002000fb20                . = ALIGN (0x8)
                0x000000002000fb20                PROVIDE (end = .)
                [!provide]                        PROVIDE (_end = .)
                0x000000002000fb20                _heap_bottom = .
                0x000000002000fb28                . = (. + _Min_Heap_Size)
 *fill*         0x000000002000fb20        0x8 
                0x000000002000fb28                _heap_top = .
                0x000000002000ff28                . = (. + _Min_Stack_Size)
 *fill*         0x000000002000fb28      0x400 
                0x000000002000ff28                . = ALIGN (0x8)
                0x0000000020400000                __StackTop = (ORIGIN (RAM) + LENGTH (RAM))
                0x00000000203ffc00                __StackLimit = (__StackTop - _Min_Stack_Size)
                [!provide]                        PROVIDE (__stack = __StackTop)
                0x0000000000000001                ASSERT ((__StackLimit >= _heap_top), region RAM overflowed with stack)
START GROUP
LOAD /usr/lib/gcc/arm-none-eabi/10.3.1/thumb/v7-m/nofp/libgcc.a
LOAD /usr/lib/gcc/arm-none-eabi/10.3.1/../../../arm-none-eabi/lib/thumb/v7-m/nofp/libg_nano.a
LOAD /usr/lib/gcc/arm-none-eabi/10.3.1/../../../arm-none-eabi/lib/thumb/v7-m/nofp/libc_nano.a
END GROUP
START GROUP
LOAD /usr/lib/gcc/arm-none-eabi/10.3.1/thumb/v7-m/nofp/libgcc.a
LOAD /usr/lib/gcc/arm-none-eabi/10.3.1/../../../arm-none-eabi/lib/thumb/v7-m/nofp/libc_nano.a
LOAD /usr/lib/gcc/arm-none-eabi/10.3.1/../../../arm-none-eabi/lib/thumb/v7-m/nofp/librdimon_nano.a
LOAD /usr/lib/gcc/arm-none-eabi/10.3.1/../../../arm-none-eabi/lib/thumb/v7-m/nofp/libnosys.a
END GROUP
START GROUP
LOAD /usr/lib/gcc/arm-none-eabi/10.3.1/thumb/v7-m/nofp/libgcc.a
LOAD /usr/lib/gcc/arm-none-eabi/10.3.1/../../../arm-none-eabi/lib/thumb/v7-m/nofp/libc_nano.a
LOAD /usr/lib/gcc/arm-none-eabi/10.3.1/../../../arm-none-eabi/lib/thumb/v7-m/nofp/libnosys.a
END GROUP
START GROUP
LOAD /usr/lib/gcc/arm-none-eabi/10.3.1/thumb/v7-m/nofp/libgcc.a
LOAD /usr/lib/gcc/arm-none-eabi/10.3.1/../../../arm-none-eabi/lib/thumb/v7-m/nofp/libc_nano.a
LOAD /usr/lib/gcc/arm-none-eabi/10.3.1/../../../arm-none-eabi/lib/thumb/v7-m/nofp/librdimon_nano.a
END GROUP
OUTPUT(./output/RTOSDemo.out elf32-littlearm)
LOAD linker stubs

.debug_info     0x0000000000000000    0x13a33
 .debug_info    0x0000000000000000     0x2109 ./output/tasks.o
 .debug_info    0x0000000000002109      0x2c5 ./output/list.o
 .debug_info    0x00000000000023ce     0x17b3 ./output/queue.o
 .debug_info    0x0000000000003b81     0x10b7 ./output/timers.o
 .debug_info    0x0000000000004c38      0x463 ./output/heap_4.o
 .debug_info    0x000000000000509b      0x3b3 ./output/port.o
 .debug_info    0x000000000000544e      0x903 ./output/IntQueue.o
 .debug_info    0x0000000000005d51      0x5c9 ./output/IntQueueTimer.o
 .debug_info    0x000000000000631a      0x4fd ./output/main.o
 .debug_info    0x0000000000006817      0x2fe ./output/main_blinky.o
 .debug_info    0x0000000000006b15      0xa32 ./output/startup_gcc.o
 .debug_info    0x0000000000007547      0x449 ./output/printf-stdarg.o
 .debug_info    0x0000000000007990      0xb0a /usr/lib/gcc/arm-none-eabi/10.3.1/../../../arm-none-eabi/lib/thumb/v7-m/nofp/libg_nano.a(lib_a-fflush.o)
 .debug_info    0x000000000000849a      0xfae /usr/lib/gcc/arm-none-eabi/10.3.1/../../../arm-none-eabi/lib/thumb/v7-m/nofp/libg_nano.a(lib_a-findfp.o)
 .debug_info    0x0000000000009448      0x900 /usr/lib/gcc/arm-none-eabi/10.3.1/../../../arm-none-eabi/lib/thumb/v7-m/nofp/libg_nano.a(lib_a-fwalk.o)
 .debug_info    0x0000000000009d48      0x863 /usr/lib/gcc/arm-none-eabi/10.3.1/../../../arm-none-eabi/lib/thumb/v7-m/nofp/libg_nano.a(lib_a-impure.o)
 .debug_info    0x000000000000a5ab       0x26 /usr/lib/gcc/arm-none-eabi/10.3.1/../../../arm-none-eabi/lib/thumb/v7-m/nofp/libg_nano.a(lib_a-memcpy.o)
 .debug_info    0x000000000000a5d1      0x137 /usr/lib/gcc/arm-none-eabi/10.3.1/../../../arm-none-eabi/lib/thumb/v7-m/nofp/libg_nano.a(lib_a-memset.o)
 .debug_info    0x000000000000a708      0x940 /usr/lib/gcc/arm-none-eabi/10.3.1/../../../arm-none-eabi/lib/thumb/v7-m/nofp/libg_nano.a(lib_a-nano-freer.o)
 .debug_info    0x000000000000b048      0xa0c /usr/lib/gcc/arm-none-eabi/10.3.1/../../../arm-none-eabi/lib/thumb/v7-m/nofp/libg_nano.a(lib_a-nano-mallocr.o)
 .debug_info    0x000000000000ba54      0x828 /usr/lib/gcc/arm-none-eabi/10.3.1/../../../arm-none-eabi/lib/thumb/v7-m/nofp/libg_nano.a(lib_a-sbrkr.o)
 .debug_info    0x000000000000c27c      0xabc /usr/lib/gcc/arm-none-eabi/10.3.1/../../../arm-none-eabi/lib/thumb/v7-m/nofp/libg_nano.a(lib_a-stdio.o)
 .debug_info    0x000000000000cd38       0xc4 /usr/lib/gcc/arm-none-eabi/10.3.1/../../../arm-none-eabi/lib/thumb/v7-m/nofp/libg_nano.a(lib_a-strcpy.o)
 .debug_info    0x000000000000cdfc       0xbc /usr/lib/gcc/arm-none-eabi/10.3.1/../../../arm-none-eabi/lib/thumb/v7-m/nofp/libg_nano.a(lib_a-strlen-stub.o)
 .debug_info    0x000000000000ceb8      0x110 /usr/lib/gcc/arm-none-eabi/10.3.1/../../../arm-none-eabi/lib/thumb/v7-m/nofp/libg_nano.a(lib_a-strncmp.o)
 .debug_info    0x000000000000cfc8      0x85a /usr/lib/gcc/arm-none-eabi/10.3.1/../../../arm-none-eabi/lib/thumb/v7-m/nofp/libg_nano.a(lib_a-writer.o)
 .debug_info    0x000000000000d822      0x805 /usr/lib/gcc/arm-none-eabi/10.3.1/../../../arm-none-eabi/lib/thumb/v7-m/nofp/libg_nano.a(lib_a-closer.o)
 .debug_info    0x000000000000e027      0x83b /usr/lib/gcc/arm-none-eabi/10.3.1/../../../arm-none-eabi/lib/thumb/v7-m/nofp/libg_nano.a(lib_a-lseekr.o)
 .debug_info    0x000000000000e862      0x7dc /usr/lib/gcc/arm-none-eabi/10.3.1/../../../arm-none-eabi/lib/thumb/v7-m/nofp/libg_nano.a(lib_a-mlock.o)
 .debug_info    0x000000000000f03e      0x853 /usr/lib/gcc/arm-none-eabi/10.3.1/../../../arm-none-eabi/lib/thumb/v7-m/nofp/libg_nano.a(lib_a-readr.o)
 .debug_info    0x000000000000f891      0xa7e /usr/lib/gcc/arm-none-eabi/10.3.1/../../../arm-none-eabi/lib/thumb/v7-m/nofp/libg_nano.a(lib_a-reent.o)
 .debug_info    0x000000000001030f     0x2f76 /usr/lib/gcc/arm-none-eabi/10.3.1/../../../arm-none-eabi/lib/thumb/v7-m/nofp/librdimon_nano.a(rdimon-syscalls.o)
 .debug_info    0x0000000000013285      0x7ae /usr/lib/gcc/arm-none-eabi/10.3.1/../../../arm-none-eabi/lib/thumb/v7-m/nofp/libc_nano.a(lib_a-errno.o)

.debug_abbrev   0x0000000000000000     0x3c50
 .debug_abbrev  0x0000000000000000      0x317 ./output/tasks.o
 .debug_abbrev  0x0000000000000317       0xf2 ./output/list.o
 .debug_abbrev  0x0000000000000409      0x28b ./output/queue.o
 .debug_abbrev  0x0000000000000694      0x241 ./output/timers.o
 .debug_abbrev  0x00000000000008d5      0x193 ./output/heap_4.o
 .debug_abbrev  0x0000000000000a68      0x207 ./output/port.o
 .debug_abbrev  0x0000000000000c6f      0x206 ./output/IntQueue.o
 .debug_abbrev  0x0000000000000e75      0x1b4 ./output/IntQueueTimer.o
 .debug_abbrev  0x0000000000001029      0x1c2 ./output/main.o
 .debug_abbrev  0x00000000000011eb      0x160 ./output/main_blinky.o
 .debug_abbrev  0x000000000000134b      0x244 ./output/startup_gcc.o
 .debug_abbrev  0x000000000000158f      0x163 ./output/printf-stdarg.o
 .debug_abbrev  0x00000000000016f2      0x2da /usr/lib/gcc/arm-none-eabi/10.3.1/../../../arm-none-eabi/lib/thumb/v7-m/nofp/libg_nano.a(lib_a-fflush.o)
 .debug_abbrev  0x00000000000019cc      0x3cd /usr/lib/gcc/arm-none-eabi/10.3.1/../../../arm-none-eabi/lib/thumb/v7-m/nofp/libg_nano.a(lib_a-findfp.o)
 .debug_abbrev  0x0000000000001d99      0x197 /usr/lib/gcc/arm-none-eabi/10.3.1/../../../arm-none-eabi/lib/thumb/v7-m/nofp/libg_nano.a(lib_a-fwalk.o)
 .debug_abbrev  0x0000000000001f30      0x151 /usr/lib/gcc/arm-none-eabi/10.3.1/../../../arm-none-eabi/lib/thumb/v7-m/nofp/libg_nano.a(lib_a-impure.o)
 .debug_abbrev  0x0000000000002081       0x14 /usr/lib/gcc/arm-none-eabi/10.3.1/../../../arm-none-eabi/lib/thumb/v7-m/nofp/libg_nano.a(lib_a-memcpy.o)
 .debug_abbrev  0x0000000000002095       0xb4 /usr/lib/gcc/arm-none-eabi/10.3.1/../../../arm-none-eabi/lib/thumb/v7-m/nofp/libg_nano.a(lib_a-memset.o)
 .debug_abbrev  0x0000000000002149      0x245 /usr/lib/gcc/arm-none-eabi/10.3.1/../../../arm-none-eabi/lib/thumb/v7-m/nofp/libg_nano.a(lib_a-nano-freer.o)
 .debug_abbrev  0x000000000000238e      0x290 /usr/lib/gcc/arm-none-eabi/10.3.1/../../../arm-none-eabi/lib/thumb/v7-m/nofp/libg_nano.a(lib_a-nano-mallocr.o)
 .debug_abbrev  0x000000000000261e      0x1d6 /usr/lib/gcc/arm-none-eabi/10.3.1/../../../arm-none-eabi/lib/thumb/v7-m/nofp/libg_nano.a(lib_a-sbrkr.o)
 .debug_abbrev  0x00000000000027f4      0x1fb /usr/lib/gcc/arm-none-eabi/10.3.1/../../../arm-none-eabi/lib/thumb/v7-m/nofp/libg_nano.a(lib_a-stdio.o)
 .debug_abbrev  0x00000000000029ef       0x7b /usr/lib/gcc/arm-none-eabi/10.3.1/../../../arm-none-eabi/lib/thumb/v7-m/nofp/libg_nano.a(lib_a-strcpy.o)
 .debug_abbrev  0x0000000000002a6a       0x79 /usr/lib/gcc/arm-none-eabi/10.3.1/../../../arm-none-eabi/lib/thumb/v7-m/nofp/libg_nano.a(lib_a-strlen-stub.o)
 .debug_abbrev  0x0000000000002ae3       0x8f /usr/lib/gcc/arm-none-eabi/10.3.1/../../../arm-none-eabi/lib/thumb/v7-m/nofp/libg_nano.a(lib_a-strncmp.o)
 .debug_abbrev  0x0000000000002b72      0x1b0 /usr/lib/gcc/arm-none-eabi/10.3.1/../../../arm-none-eabi/lib/thumb/v7-m/nofp/libg_nano.a(lib_a-writer.o)
 .debug_abbrev  0x0000000000002d22      0x1ab /usr/lib/gcc/arm-none-eabi/10.3.1/../../../arm-none-eabi/lib/thumb/v7-m/nofp/libg_nano.a(lib_a-closer.o)
 .debug_abbrev  0x0000000000002ecd      0x1bf /usr/lib/gcc/arm-none-eabi/10.3.1/../../../arm-none-eabi/lib/thumb/v7-m/nofp/libg_nano.a(lib_a-lseekr.o)
 .debug_abbrev  0x000000000000308c      0x189 /usr/lib/gcc/arm-none-eabi/10.3.1/../../../arm-none-eabi/lib/thumb/v7-m/nofp/libg_nano.a(lib_a-mlock.o)
 .debug_abbrev  0x0000000000003215      0x1ab /usr/lib/gcc/arm-none-eabi/10.3.1/../../../arm-none-eabi/lib/thumb/v7-m/nofp/libg_nano.a(lib_a-readr.o)
 .debug_abbrev  0x00000000000033c0      0x265 /usr/lib/gcc/arm-none-eabi/10.3.1/../../../arm-none-eabi/lib/thumb/v7-m/nofp/libg_nano.a(lib_a-reent.o)
 .debug_abbrev  0x0000000000003625      0x4d4 /usr/lib/gcc/arm-none-eabi/10.3.1/../../../arm-none-eabi/lib/thumb/v7-m/nofp/librdimon_nano.a(rdimon-syscalls.o)
 .debug_abbrev  0x0000000000003af9      0x157 /usr/lib/gcc/arm-none-eabi/10.3.1/../../../arm-none-eabi/lib/thumb/v7-m/nofp/libc_nano.a(lib_a-errno.o)

.debug_aranges  0x0000000000000000      0xa38
 .debug_aranges
                0x0000000000000000      0x200 ./output/tasks.o
 .debug_aranges
                0x0000000000000200       0x40 ./output/list.o
 .debug_aranges
                0x0000000000000240      0x170 ./output/queue.o
 .debug_aranges
                0x00000000000003b0       0xf0 ./output/timers.o
 .debug_aranges
                0x00000000000004a0       0x60 ./output/heap_4.o
 .debug_aranges
                0x0000000000000500       0x78 ./output/port.o
 .debug_aranges
                0x0000000000000578       0x78 ./output/IntQueue.o
 .debug_aranges
                0x00000000000005f0       0x40 ./output/IntQueueTimer.o
 .debug_aranges
                0x0000000000000630       0x70 ./output/main.o
 .debug_aranges
                0x00000000000006a0       0x70 ./output/main_blinky.o
 .debug_aranges
                0x0000000000000710       0x38 ./output/startup_gcc.o
 .debug_aranges
                0x0000000000000748       0x58 ./output/printf-stdarg.o
 .debug_aranges
                0x00000000000007a0       0x20 /usr/lib/gcc/arm-none-eabi/10.3.1/../../../arm-none-eabi/lib/thumb/v7-m/nofp/libg_nano.a(lib_a-fflush.o)
 .debug_aranges
                0x00000000000007c0       0x20 /usr/lib/gcc/arm-none-eabi/10.3.1/../../../arm-none-eabi/lib/thumb/v7-m/nofp/libg_nano.a(lib_a-findfp.o)
 .debug_aranges
                0x00000000000007e0       0x20 /usr/lib/gcc/arm-none-eabi/10.3.1/../../../arm-none-eabi/lib/thumb/v7-m/nofp/libg_nano.a(lib_a-fwalk.o)
 .debug_aranges
                0x0000000000000800       0x18 /usr/lib/gcc/arm-none-eabi/10.3.1/../../../arm-none-eabi/lib/thumb/v7-m/nofp/libg_nano.a(lib_a-impure.o)
 .debug_aranges
                0x0000000000000818       0x20 /usr/lib/gcc/arm-none-eabi/10.3.1/../../../arm-none-eabi/lib/thumb/v7-m/nofp/libg_nano.a(lib_a-memcpy.o)
 .debug_aranges
                0x0000000000000838       0x20 /usr/lib/gcc/arm-none-eabi/10.3.1/../../../arm-none-eabi/lib/thumb/v7-m/nofp/libg_nano.a(lib_a-memset.o)
 .debug_aranges
                0x0000000000000858       0x20 /usr/lib/gcc/arm-none-eabi/10.3.1/../../../arm-none-eabi/lib/thumb/v7-m/nofp/libg_nano.a(lib_a-nano-freer.o)
 .debug_aranges
                0x0000000000000878       0x20 /usr/lib/gcc/arm-none-eabi/10.3.1/../../../arm-none-eabi/lib/thumb/v7-m/nofp/libg_nano.a(lib_a-nano-mallocr.o)
 .debug_aranges
                0x0000000000000898       0x20 /usr/lib/gcc/arm-none-eabi/10.3.1/../../../arm-none-eabi/lib/thumb/v7-m/nofp/libg_nano.a(lib_a-sbrkr.o)
 .debug_aranges
                0x00000000000008b8       0x20 /usr/lib/gcc/arm-none-eabi/10.3.1/../../../arm-none-eabi/lib/thumb/v7-m/nofp/libg_nano.a(lib_a-stdio.o)
 .debug_aranges
                0x00000000000008d8       0x20 /usr/lib/gcc/arm-none-eabi/10.3.1/../../../arm-none-eabi/lib/thumb/v7-m/nofp/libg_nano.a(lib_a-strcpy.o)
 .debug_aranges
                0x00000000000008f8       0x20 /usr/lib/gcc/arm-none-eabi/10.3.1/../../../arm-none-eabi/lib/thumb/v7-m/nofp/libg_nano.a(lib_a-strlen-stub.o)
 .debug_aranges
                0x0000000000000918       0x20 /usr/lib/gcc/arm-none-eabi/10.3.1/../../../arm-none-eabi/lib/thumb/v7-m/nofp/libg_nano.a(lib_a-strncmp.o)
 .debug_aranges
                0x0000000000000938       0x20 /usr/lib/gcc/arm-none-eabi/10.3.1/../../../arm-none-eabi/lib/thumb/v7-m/nofp/libg_nano.a(lib_a-writer.o)
 .debug_aranges
                0x0000000000000958       0x20 /usr/lib/gcc/arm-none-eabi/10.3.1/../../../arm-none-eabi/lib/thumb/v7-m/nofp/libg_nano.a(lib_a-closer.o)
 .debug_aranges
                0x0000000000000978       0x20 /usr/lib/gcc/arm-none-eabi/10.3.1/../../../arm-none-eabi/lib/thumb/v7-m/nofp/libg_nano.a(lib_a-lseekr.o)
 .debug_aranges
                0x0000000000000998       0x20 /usr/lib/gcc/arm-none-eabi/10.3.1/../../../arm-none-eabi/lib/thumb/v7-m/nofp/libg_nano.a(lib_a-mlock.o)
 .debug_aranges
                0x00000000000009b8       0x20 /usr/lib/gcc/arm-none-eabi/10.3.1/../../../arm-none-eabi/lib/thumb/v7-m/nofp/libg_nano.a(lib_a-readr.o)
 .debug_aranges
                0x00000000000009d8       0x20 /usr/lib/gcc/arm-none-eabi/10.3.1/../../../arm-none-eabi/lib/thumb/v7-m/nofp/libg_nano.a(lib_a-reent.o)
 .debug_aranges
                0x00000000000009f8       0x20 /usr/lib/gcc/arm-none-eabi/10.3.1/../../../arm-none-eabi/lib/thumb/v7-m/nofp/librdimon_nano.a(rdimon-syscalls.o)
 .debug_aranges
                0x0000000000000a18       0x20 /usr/lib/gcc/arm-none-eabi/10.3.1/../../../arm-none-eabi/lib/thumb/v7-m/nofp/libc_nano.a(lib_a-errno.o)

.debug_ranges   0x0000000000000000     0x1778
 .debug_ranges  0x0000000000000000      0x1f0 ./output/tasks.o
 .debug_ranges  0x00000000000001f0       0x30 ./output/list.o
 .debug_ranges  0x0000000000000220      0x160 ./output/queue.o
 .debug_ranges  0x0000000000000380       0xe0 ./output/timers.o
 .debug_ranges  0x0000000000000460       0x50 ./output/heap_4.o
 .debug_ranges  0x00000000000004b0       0x68 ./output/port.o
 .debug_ranges  0x0000000000000518       0x68 ./output/IntQueue.o
 .debug_ranges  0x0000000000000580       0x30 ./output/IntQueueTimer.o
 .debug_ranges  0x00000000000005b0       0x60 ./output/main.o
 .debug_ranges  0x0000000000000610       0x60 ./output/main_blinky.o
 .debug_ranges  0x0000000000000670       0x28 ./output/startup_gcc.o
 .debug_ranges  0x0000000000000698       0x48 ./output/printf-stdarg.o
 .debug_ranges  0x00000000000006e0       0xb8 /usr/lib/gcc/arm-none-eabi/10.3.1/../../../arm-none-eabi/lib/thumb/v7-m/nofp/libg_nano.a(lib_a-fflush.o)
 .debug_ranges  0x0000000000000798      0x140 /usr/lib/gcc/arm-none-eabi/10.3.1/../../../arm-none-eabi/lib/thumb/v7-m/nofp/libg_nano.a(lib_a-findfp.o)
 .debug_ranges  0x00000000000008d8       0x18 /usr/lib/gcc/arm-none-eabi/10.3.1/../../../arm-none-eabi/lib/thumb/v7-m/nofp/libg_nano.a(lib_a-nano-freer.o)
 .debug_ranges  0x00000000000008f0       0x38 /usr/lib/gcc/arm-none-eabi/10.3.1/../../../arm-none-eabi/lib/thumb/v7-m/nofp/libg_nano.a(lib_a-nano-mallocr.o)
 .debug_ranges  0x0000000000000928       0x10 /usr/lib/gcc/arm-none-eabi/10.3.1/../../../arm-none-eabi/lib/thumb/v7-m/nofp/libg_nano.a(lib_a-strcpy.o)
 .debug_ranges  0x0000000000000938       0x10 /usr/lib/gcc/arm-none-eabi/10.3.1/../../../arm-none-eabi/lib/thumb/v7-m/nofp/libg_nano.a(lib_a-strlen-stub.o)
 .debug_ranges  0x0000000000000948      0xe30 /usr/lib/gcc/arm-none-eabi/10.3.1/../../../arm-none-eabi/lib/thumb/v7-m/nofp/librdimon_nano.a(rdimon-syscalls.o)

.debug_macro    0x0000000000000000     0x55f9
 .debug_macro   0x0000000000000000      0x248 ./output/tasks.o
 .debug_macro   0x0000000000000248      0xa5a ./output/tasks.o
 .debug_macro   0x0000000000000ca2       0x18 ./output/tasks.o
 .debug_macro   0x0000000000000cba       0x22 ./output/tasks.o
 .debug_macro   0x0000000000000cdc       0x52 ./output/tasks.o
 .debug_macro   0x0000000000000d2e       0x94 ./output/tasks.o
 .debug_macro   0x0000000000000dc2       0x35 ./output/tasks.o
 .debug_macro   0x0000000000000df7       0x34 ./output/tasks.o
 .debug_macro   0x0000000000000e2b       0x16 ./output/tasks.o
 .debug_macro   0x0000000000000e41      0x10e ./output/tasks.o
 .debug_macro   0x0000000000000f4f       0x8d ./output/tasks.o
 .debug_macro   0x0000000000000fdc       0x16 ./output/tasks.o
 .debug_macro   0x0000000000000ff2       0x43 ./output/tasks.o
 .debug_macro   0x0000000000001035       0x57 ./output/tasks.o
 .debug_macro   0x000000000000108c       0x34 ./output/tasks.o
 .debug_macro   0x00000000000010c0       0x10 ./output/tasks.o
 .debug_macro   0x00000000000010d0       0x52 ./output/tasks.o
 .debug_macro   0x0000000000001122      0x182 ./output/tasks.o
 .debug_macro   0x00000000000012a4      0x333 ./output/tasks.o
 .debug_macro   0x00000000000015d7       0x16 ./output/tasks.o
 .debug_macro   0x00000000000015ed       0x29 ./output/tasks.o
 .debug_macro   0x0000000000001616       0x16 ./output/tasks.o
 .debug_macro   0x000000000000162c       0x35 ./output/tasks.o
 .debug_macro   0x0000000000001661      0x34e ./output/tasks.o
 .debug_macro   0x00000000000019af      0x14e ./output/tasks.o
 .debug_macro   0x0000000000001afd      0x15a ./output/tasks.o
 .debug_macro   0x0000000000001c57       0xe4 ./output/tasks.o
 .debug_macro   0x0000000000001d3b       0x28 ./output/tasks.o
 .debug_macro   0x0000000000001d63       0x1f ./output/tasks.o
 .debug_macro   0x0000000000001d82       0x12 ./output/tasks.o
 .debug_macro   0x0000000000001d94      0x4cb ./output/tasks.o
 .debug_macro   0x000000000000225f       0xc3 ./output/tasks.o
 .debug_macro   0x0000000000002322      0x120 ./output/tasks.o
 .debug_macro   0x0000000000002442       0x91 ./output/tasks.o
 .debug_macro   0x00000000000024d3       0x16 ./output/tasks.o
 .debug_macro   0x00000000000024e9      0x167 ./output/list.o
 .debug_macro   0x0000000000002650      0x1f9 ./output/queue.o
 .debug_macro   0x0000000000002849       0x87 ./output/queue.o
 .debug_macro   0x00000000000028d0      0x1b6 ./output/timers.o
 .debug_macro   0x0000000000002a86       0x97 ./output/timers.o
 .debug_macro   0x0000000000002b1d      0x1e3 ./output/heap_4.o
 .debug_macro   0x0000000000002d00      0x13a ./output/port.o
 .debug_macro   0x0000000000002e3a      0x1f0 ./output/IntQueue.o
 .debug_macro   0x000000000000302a       0xf2 ./output/IntQueueTimer.o
 .debug_macro   0x000000000000311c       0x22 ./output/IntQueueTimer.o
 .debug_macro   0x000000000000313e       0x1c ./output/IntQueueTimer.o
 .debug_macro   0x000000000000315a       0x22 ./output/IntQueueTimer.o
 .debug_macro   0x000000000000317c       0xd6 ./output/IntQueueTimer.o
 .debug_macro   0x0000000000003252      0xe2d ./output/IntQueueTimer.o
 .debug_macro   0x000000000000407f      0x11f ./output/IntQueueTimer.o
 .debug_macro   0x000000000000419e      0x7b3 ./output/IntQueueTimer.o
 .debug_macro   0x0000000000004951      0x4a6 ./output/IntQueueTimer.o
 .debug_macro   0x0000000000004df7      0x25b ./output/main.o
 .debug_macro   0x0000000000005052      0x2c3 ./output/main_blinky.o
 .debug_macro   0x0000000000005315       0x8d ./output/main_blinky.o
 .debug_macro   0x00000000000053a2       0x10 ./output/main_blinky.o
 .debug_macro   0x00000000000053b2      0x1b1 ./output/startup_gcc.o
 .debug_macro   0x0000000000005563       0x3e ./output/printf-stdarg.o
 .debug_macro   0x00000000000055a1       0x58 ./output/printf-stdarg.o

.debug_line     0x0000000000000000     0x9c95
 .debug_line    0x0000000000000000     0x17ca ./output/tasks.o
 .debug_line    0x00000000000017ca      0x3a1 ./output/list.o
 .debug_line    0x0000000000001b6b     0x129b ./output/queue.o
 .debug_line    0x0000000000002e06      0x899 ./output/timers.o
 .debug_line    0x000000000000369f      0x5f2 ./output/heap_4.o
 .debug_line    0x0000000000003c91      0x3d3 ./output/port.o
 .debug_line    0x0000000000004064      0x856 ./output/IntQueue.o
 .debug_line    0x00000000000048ba      0x352 ./output/IntQueueTimer.o
 .debug_line    0x0000000000004c0c      0x4fb ./output/main.o
 .debug_line    0x0000000000005107      0x4fe ./output/main_blinky.o
 .debug_line    0x0000000000005605      0x295 ./output/startup_gcc.o
 .debug_line    0x000000000000589a      0x3e2 ./output/printf-stdarg.o
 .debug_line    0x0000000000005c7c      0x494 /usr/lib/gcc/arm-none-eabi/10.3.1/../../../arm-none-eabi/lib/thumb/v7-m/nofp/libg_nano.a(lib_a-fflush.o)
 .debug_line    0x0000000000006110      0x5ab /usr/lib/gcc/arm-none-eabi/10.3.1/../../../arm-none-eabi/lib/thumb/v7-m/nofp/libg_nano.a(lib_a-findfp.o)
 .debug_line    0x00000000000066bb      0x27a /usr/lib/gcc/arm-none-eabi/10.3.1/../../../arm-none-eabi/lib/thumb/v7-m/nofp/libg_nano.a(lib_a-fwalk.o)
 .debug_line    0x0000000000006935       0xe4 /usr/lib/gcc/arm-none-eabi/10.3.1/../../../arm-none-eabi/lib/thumb/v7-m/nofp/libg_nano.a(lib_a-impure.o)
 .debug_line    0x0000000000006a19       0xc1 /usr/lib/gcc/arm-none-eabi/10.3.1/../../../arm-none-eabi/lib/thumb/v7-m/nofp/libg_nano.a(lib_a-memcpy.o)
 .debug_line    0x0000000000006ada      0x1bf /usr/lib/gcc/arm-none-eabi/10.3.1/../../../arm-none-eabi/lib/thumb/v7-m/nofp/libg_nano.a(lib_a-memset.o)
 .debug_line    0x0000000000006c99      0x2e5 /usr/lib/gcc/arm-none-eabi/10.3.1/../../../arm-none-eabi/lib/thumb/v7-m/nofp/libg_nano.a(lib_a-nano-freer.o)
 .debug_line    0x0000000000006f7e      0x2d6 /usr/lib/gcc/arm-none-eabi/10.3.1/../../../arm-none-eabi/lib/thumb/v7-m/nofp/libg_nano.a(lib_a-nano-mallocr.o)
 .debug_line    0x0000000000007254      0x186 /usr/lib/gcc/arm-none-eabi/10.3.1/../../../arm-none-eabi/lib/thumb/v7-m/nofp/libg_nano.a(lib_a-sbrkr.o)
 .debug_line    0x00000000000073da      0x231 /usr/lib/gcc/arm-none-eabi/10.3.1/../../../arm-none-eabi/lib/thumb/v7-m/nofp/libg_nano.a(lib_a-stdio.o)
 .debug_line    0x000000000000760b       0xb9 /usr/lib/gcc/arm-none-eabi/10.3.1/../../../arm-none-eabi/lib/thumb/v7-m/nofp/libg_nano.a(lib_a-strcpy.o)
 .debug_line    0x00000000000076c4       0xf4 /usr/lib/gcc/arm-none-eabi/10.3.1/../../../arm-none-eabi/lib/thumb/v7-m/nofp/libg_nano.a(lib_a-strlen-stub.o)
 .debug_line    0x00000000000077b8      0x1d3 /usr/lib/gcc/arm-none-eabi/10.3.1/../../../arm-none-eabi/lib/thumb/v7-m/nofp/libg_nano.a(lib_a-strncmp.o)
 .debug_line    0x000000000000798b      0x18d /usr/lib/gcc/arm-none-eabi/10.3.1/../../../arm-none-eabi/lib/thumb/v7-m/nofp/libg_nano.a(lib_a-writer.o)
 .debug_line    0x0000000000007b18      0x186 /usr/lib/gcc/arm-none-eabi/10.3.1/../../../arm-none-eabi/lib/thumb/v7-m/nofp/libg_nano.a(lib_a-closer.o)
 .debug_line    0x0000000000007c9e      0x18d /usr/lib/gcc/arm-none-eabi/10.3.1/../../../arm-none-eabi/lib/thumb/v7-m/nofp/libg_nano.a(lib_a-lseekr.o)
 .debug_line    0x0000000000007e2b      0x13e /usr/lib/gcc/arm-none-eabi/10.3.1/../../../arm-none-eabi/lib/thumb/v7-m/nofp/libg_nano.a(lib_a-mlock.o)
 .debug_line    0x0000000000007f69      0x18c /usr/lib/gcc/arm-none-eabi/10.3.1/../../../arm-none-eabi/lib/thumb/v7-m/nofp/libg_nano.a(lib_a-readr.o)
 .debug_line    0x00000000000080f5      0x2c7 /usr/lib/gcc/arm-none-eabi/10.3.1/../../../arm-none-eabi/lib/thumb/v7-m/nofp/libg_nano.a(lib_a-reent.o)
 .debug_line    0x00000000000083bc     0x17d0 /usr/lib/gcc/arm-none-eabi/10.3.1/../../../arm-none-eabi/lib/thumb/v7-m/nofp/librdimon_nano.a(rdimon-syscalls.o)
 .debug_line    0x0000000000009b8c      0x109 /usr/lib/gcc/arm-none-eabi/10.3.1/../../../arm-none-eabi/lib/thumb/v7-m/nofp/libc_nano.a(lib_a-errno.o)

.debug_str      0x0000000000000000    0x1efd8
 .debug_str     0x0000000000000000     0xd23c ./output/tasks.o
                                       0xd560 (size before relaxing)
 .debug_str     0x000000000000d23c       0xaa ./output/list.o
                                       0xa37a (size before relaxing)
 .debug_str     0x000000000000d2e6     0x13bd ./output/queue.o
                                       0xcb2c (size before relaxing)
 .debug_str     0x000000000000e6a3      0x656 ./output/timers.o
                                       0xcde7 (size before relaxing)
 .debug_str     0x000000000000ecf9      0x5d6 ./output/heap_4.o
                                       0xbad5 (size before relaxing)
 .debug_str     0x000000000000f2cf      0x778 ./output/port.o
                                       0x91c3 (size before relaxing)
 .debug_str     0x000000000000fa47      0xb14 ./output/IntQueue.o
                                       0xc7a8 (size before relaxing)
 .debug_str     0x000000000001055b     0xb49c ./output/IntQueueTimer.o
                                      0x12161 (size before relaxing)
 .debug_str     0x000000000001b9f7     0x1482 ./output/main.o
                                       0xc983 (size before relaxing)
 .debug_str     0x000000000001ce79      0xbc1 ./output/main_blinky.o
                                       0xe17d (size before relaxing)
 .debug_str     0x000000000001da3a      0x487 ./output/startup_gcc.o
                                       0x7a21 (size before relaxing)
 .debug_str     0x000000000001dec1      0x1dc ./output/printf-stdarg.o
                                       0x2f2b (size before relaxing)
 .debug_str     0x000000000001e09d      0x1b1 /usr/lib/gcc/arm-none-eabi/10.3.1/../../../arm-none-eabi/lib/thumb/v7-m/nofp/libg_nano.a(lib_a-fflush.o)
                                        0x5b6 (size before relaxing)
 .debug_str     0x000000000001e24e      0x1d4 /usr/lib/gcc/arm-none-eabi/10.3.1/../../../arm-none-eabi/lib/thumb/v7-m/nofp/libg_nano.a(lib_a-findfp.o)
                                        0x72f (size before relaxing)
 .debug_str     0x000000000001e422       0x41 /usr/lib/gcc/arm-none-eabi/10.3.1/../../../arm-none-eabi/lib/thumb/v7-m/nofp/libg_nano.a(lib_a-fwalk.o)
                                        0x51c (size before relaxing)
 .debug_str     0x000000000001e463       0x9c /usr/lib/gcc/arm-none-eabi/10.3.1/../../../arm-none-eabi/lib/thumb/v7-m/nofp/libg_nano.a(lib_a-impure.o)
                                        0x556 (size before relaxing)
 .debug_str     0x000000000001e4ff       0xb2 /usr/lib/gcc/arm-none-eabi/10.3.1/../../../arm-none-eabi/lib/thumb/v7-m/nofp/libg_nano.a(lib_a-memcpy.o)
 .debug_str     0x000000000001e5b1       0x9f /usr/lib/gcc/arm-none-eabi/10.3.1/../../../arm-none-eabi/lib/thumb/v7-m/nofp/libg_nano.a(lib_a-memset.o)
                                        0x1b8 (size before relaxing)
 .debug_str     0x000000000001e650      0x112 /usr/lib/gcc/arm-none-eabi/10.3.1/../../../arm-none-eabi/lib/thumb/v7-m/nofp/libg_nano.a(lib_a-nano-freer.o)
                                        0x58d (size before relaxing)
 .debug_str     0x000000000001e762       0x46 /usr/lib/gcc/arm-none-eabi/10.3.1/../../../arm-none-eabi/lib/thumb/v7-m/nofp/libg_nano.a(lib_a-nano-mallocr.o)
                                        0x5b8 (size before relaxing)
 .debug_str     0x000000000001e7a8       0x3d /usr/lib/gcc/arm-none-eabi/10.3.1/../../../arm-none-eabi/lib/thumb/v7-m/nofp/libg_nano.a(lib_a-sbrkr.o)
                                        0x50e (size before relaxing)
 .debug_str     0x000000000001e7e5       0x92 /usr/lib/gcc/arm-none-eabi/10.3.1/../../../arm-none-eabi/lib/thumb/v7-m/nofp/libg_nano.a(lib_a-stdio.o)
                                        0x56b (size before relaxing)
 .debug_str     0x000000000001e877       0x43 /usr/lib/gcc/arm-none-eabi/10.3.1/../../../arm-none-eabi/lib/thumb/v7-m/nofp/libg_nano.a(lib_a-strcpy.o)
                                        0x1aa (size before relaxing)
 .debug_str     0x000000000001e8ba       0x48 /usr/lib/gcc/arm-none-eabi/10.3.1/../../../arm-none-eabi/lib/thumb/v7-m/nofp/libg_nano.a(lib_a-strlen-stub.o)
                                        0x1b6 (size before relaxing)
 .debug_str     0x000000000001e902       0x3d /usr/lib/gcc/arm-none-eabi/10.3.1/../../../arm-none-eabi/lib/thumb/v7-m/nofp/libg_nano.a(lib_a-strncmp.o)
                                        0x1a6 (size before relaxing)
 .debug_str     0x000000000001e93f       0x33 /usr/lib/gcc/arm-none-eabi/10.3.1/../../../arm-none-eabi/lib/thumb/v7-m/nofp/libg_nano.a(lib_a-writer.o)
                                        0x50b (size before relaxing)
 .debug_str     0x000000000001e972       0x33 /usr/lib/gcc/arm-none-eabi/10.3.1/../../../arm-none-eabi/lib/thumb/v7-m/nofp/libg_nano.a(lib_a-closer.o)
                                        0x4fb (size before relaxing)
 .debug_str     0x000000000001e9a5       0x3a /usr/lib/gcc/arm-none-eabi/10.3.1/../../../arm-none-eabi/lib/thumb/v7-m/nofp/libg_nano.a(lib_a-lseekr.o)
                                        0x509 (size before relaxing)
 .debug_str     0x000000000001e9df       0x4c /usr/lib/gcc/arm-none-eabi/10.3.1/../../../arm-none-eabi/lib/thumb/v7-m/nofp/libg_nano.a(lib_a-mlock.o)
                                        0x524 (size before relaxing)
 .debug_str     0x000000000001ea2b       0x32 /usr/lib/gcc/arm-none-eabi/10.3.1/../../../arm-none-eabi/lib/thumb/v7-m/nofp/libg_nano.a(lib_a-readr.o)
                                        0x509 (size before relaxing)
 .debug_str     0x000000000001ea5d       0x5e /usr/lib/gcc/arm-none-eabi/10.3.1/../../../arm-none-eabi/lib/thumb/v7-m/nofp/libg_nano.a(lib_a-reent.o)
                                        0x536 (size before relaxing)
 .debug_str     0x000000000001eabb      0x48e /usr/lib/gcc/arm-none-eabi/10.3.1/../../../arm-none-eabi/lib/thumb/v7-m/nofp/librdimon_nano.a(rdimon-syscalls.o)
                                        0x96e (size before relaxing)
 .debug_str     0x000000000001ef49       0x8f /usr/lib/gcc/arm-none-eabi/10.3.1/../../../arm-none-eabi/lib/thumb/v7-m/nofp/libc_nano.a(lib_a-errno.o)
                                        0x4ff (size before relaxing)

.comment        0x0000000000000000       0x33
 .comment       0x0000000000000000       0x33 ./output/tasks.o
                                         0x34 (size before relaxing)
 .comment       0x0000000000000033       0x34 ./output/list.o
 .comment       0x0000000000000033       0x34 ./output/queue.o
 .comment       0x0000000000000033       0x34 ./output/timers.o
 .comment       0x0000000000000033       0x34 ./output/heap_4.o
 .comment       0x0000000000000033       0x34 ./output/port.o
 .comment       0x0000000000000033       0x34 ./output/IntQueue.o
 .comment       0x0000000000000033       0x34 ./output/IntQueueTimer.o
 .comment       0x0000000000000033       0x34 ./output/main.o
 .comment       0x0000000000000033       0x34 ./output/main_blinky.o
 .comment       0x0000000000000033       0x34 ./output/startup_gcc.o
 .comment       0x0000000000000033       0x34 ./output/printf-stdarg.o
 .comment       0x0000000000000033       0x34 /usr/lib/gcc/arm-none-eabi/10.3.1/../../../arm-none-eabi/lib/thumb/v7-m/nofp/libg_nano.a(lib_a-fflush.o)
 .comment       0x0000000000000033       0x34 /usr/lib/gcc/arm-none-eabi/10.3.1/../../../arm-none-eabi/lib/thumb/v7-m/nofp/libg_nano.a(lib_a-findfp.o)
 .comment       0x0000000000000033       0x34 /usr/lib/gcc/arm-none-eabi/10.3.1/../../../arm-none-eabi/lib/thumb/v7-m/nofp/libg_nano.a(lib_a-fwalk.o)
 .comment       0x0000000000000033       0x34 /usr/lib/gcc/arm-none-eabi/10.3.1/../../../arm-none-eabi/lib/thumb/v7-m/nofp/libg_nano.a(lib_a-impure.o)
 .comment       0x0000000000000033       0x34 /usr/lib/gcc/arm-none-eabi/10.3.1/../../../arm-none-eabi/lib/thumb/v7-m/nofp/libg_nano.a(lib_a-memset.o)
 .comment       0x0000000000000033       0x34 /usr/lib/gcc/arm-none-eabi/10.3.1/../../../arm-none-eabi/lib/thumb/v7-m/nofp/libg_nano.a(lib_a-nano-freer.o)
 .comment       0x0000000000000033       0x34 /usr/lib/gcc/arm-none-eabi/10.3.1/../../../arm-none-eabi/lib/thumb/v7-m/nofp/libg_nano.a(lib_a-nano-mallocr.o)
 .comment       0x0000000000000033       0x34 /usr/lib/gcc/arm-none-eabi/10.3.1/../../../arm-none-eabi/lib/thumb/v7-m/nofp/libg_nano.a(lib_a-sbrkr.o)
 .comment       0x0000000000000033       0x34 /usr/lib/gcc/arm-none-eabi/10.3.1/../../../arm-none-eabi/lib/thumb/v7-m/nofp/libg_nano.a(lib_a-stdio.o)
 .comment       0x0000000000000033       0x34 /usr/lib/gcc/arm-none-eabi/10.3.1/../../../arm-none-eabi/lib/thumb/v7-m/nofp/libg_nano.a(lib_a-strcpy.o)
 .comment       0x0000000000000033       0x34 /usr/lib/gcc/arm-none-eabi/10.3.1/../../../arm-none-eabi/lib/thumb/v7-m/nofp/libg_nano.a(lib_a-strlen-stub.o)
 .comment       0x0000000000000033       0x34 /usr/lib/gcc/arm-none-eabi/10.3.1/../../../arm-none-eabi/lib/thumb/v7-m/nofp/libg_nano.a(lib_a-strncmp.o)
 .comment       0x0000000000000033       0x34 /usr/lib/gcc/arm-none-eabi/10.3.1/../../../arm-none-eabi/lib/thumb/v7-m/nofp/libg_nano.a(lib_a-writer.o)
 .comment       0x0000000000000033       0x34 /usr/lib/gcc/arm-none-eabi/10.3.1/../../../arm-none-eabi/lib/thumb/v7-m/nofp/libg_nano.a(lib_a-closer.o)
 .comment       0x0000000000000033       0x34 /usr/lib/gcc/arm-none-eabi/10.3.1/../../../arm-none-eabi/lib/thumb/v7-m/nofp/libg_nano.a(lib_a-lseekr.o)
 .comment       0x0000000000000033       0x34 /usr/lib/gcc/arm-none-eabi/10.3.1/../../../arm-none-eabi/lib/thumb/v7-m/nofp/libg_nano.a(lib_a-mlock.o)
 .comment       0x0000000000000033       0x34 /usr/lib/gcc/arm-none-eabi/10.3.1/../../../arm-none-eabi/lib/thumb/v7-m/nofp/libg_nano.a(lib_a-readr.o)
 .comment       0x0000000000000033       0x34 /usr/lib/gcc/arm-none-eabi/10.3.1/../../../arm-none-eabi/lib/thumb/v7-m/nofp/libg_nano.a(lib_a-reent.o)
 .comment       0x0000000000000033       0x34 /usr/lib/gcc/arm-none-eabi/10.3.1/../../../arm-none-eabi/lib/thumb/v7-m/nofp/librdimon_nano.a(rdimon-syscalls.o)
 .comment       0x0000000000000033       0x34 /usr/lib/gcc/arm-none-eabi/10.3.1/../../../arm-none-eabi/lib/thumb/v7-m/nofp/libc_nano.a(lib_a-errno.o)

.ARM.attributes
                0x0000000000000000       0x2b
 .ARM.attributes
                0x0000000000000000       0x2d ./output/tasks.o
 .ARM.attributes
                0x000000000000002d       0x2d ./output/list.o
 .ARM.attributes
                0x000000000000005a       0x2d ./output/queue.o
 .ARM.attributes
                0x0000000000000087       0x2d ./output/timers.o
 .ARM.attributes
                0x00000000000000b4       0x2d ./output/heap_4.o
 .ARM.attributes
                0x00000000000000e1       0x2d ./output/port.o
 .ARM.attributes
                0x000000000000010e       0x2d ./output/IntQueue.o
 .ARM.attributes
                0x000000000000013b       0x2d ./output/IntQueueTimer.o
 .ARM.attributes
                0x0000000000000168       0x2d ./output/main.o
 .ARM.attributes
                0x0000000000000195       0x2d ./output/main_blinky.o
 .ARM.attributes
                0x00000000000001c2       0x2d ./output/startup_gcc.o
 .ARM.attributes
                0x00000000000001ef       0x2d ./output/printf-stdarg.o
 .ARM.attributes
                0x000000000000021c       0x2d /usr/lib/gcc/arm-none-eabi/10.3.1/../../../arm-none-eabi/lib/thumb/v7-m/nofp/libg_nano.a(lib_a-fflush.o)
 .ARM.attributes
                0x0000000000000249       0x2d /usr/lib/gcc/arm-none-eabi/10.3.1/../../../arm-none-eabi/lib/thumb/v7-m/nofp/libg_nano.a(lib_a-findfp.o)
 .ARM.attributes
                0x0000000000000276       0x2d /usr/lib/gcc/arm-none-eabi/10.3.1/../../../arm-none-eabi/lib/thumb/v7-m/nofp/libg_nano.a(lib_a-fwalk.o)
 .ARM.attributes
                0x00000000000002a3       0x2d /usr/lib/gcc/arm-none-eabi/10.3.1/../../../arm-none-eabi/lib/thumb/v7-m/nofp/libg_nano.a(lib_a-impure.o)
 .ARM.attributes
                0x00000000000002d0       0x1b /usr/lib/gcc/arm-none-eabi/10.3.1/../../../arm-none-eabi/lib/thumb/v7-m/nofp/libg_nano.a(lib_a-memcpy.o)
 .ARM.attributes
                0x00000000000002eb       0x2d /usr/lib/gcc/arm-none-eabi/10.3.1/../../../arm-none-eabi/lib/thumb/v7-m/nofp/libg_nano.a(lib_a-memset.o)
 .ARM.attributes
                0x0000000000000318       0x2d /usr/lib/gcc/arm-none-eabi/10.3.1/../../../arm-none-eabi/lib/thumb/v7-m/nofp/libg_nano.a(lib_a-nano-freer.o)
 .ARM.attributes
                0x0000000000000345       0x2d /usr/lib/gcc/arm-none-eabi/10.3.1/../../../arm-none-eabi/lib/thumb/v7-m/nofp/libg_nano.a(lib_a-nano-mallocr.o)
 .ARM.attributes
                0x0000000000000372       0x2d /usr/lib/gcc/arm-none-eabi/10.3.1/../../../arm-none-eabi/lib/thumb/v7-m/nofp/libg_nano.a(lib_a-sbrkr.o)
 .ARM.attributes
                0x000000000000039f       0x2d /usr/lib/gcc/arm-none-eabi/10.3.1/../../../arm-none-eabi/lib/thumb/v7-m/nofp/libg_nano.a(lib_a-stdio.o)
 .ARM.attributes
                0x00000000000003cc       0x2d /usr/lib/gcc/arm-none-eabi/10.3.1/../../../arm-none-eabi/lib/thumb/v7-m/nofp/libg_nano.a(lib_a-strcpy.o)
 .ARM.attributes
                0x00000000000003f9       0x2d /usr/lib/gcc/arm-none-eabi/10.3.1/../../../arm-none-eabi/lib/thumb/v7-m/nofp/libg_nano.a(lib_a-strlen-stub.o)
 .ARM.attributes
                0x0000000000000426       0x2d /usr/lib/gcc/arm-none-eabi/10.3.1/../../../arm-none-eabi/lib/thumb/v7-m/nofp/libg_nano.a(lib_a-strncmp.o)
 .ARM.attributes
                0x0000000000000453       0x2d /usr/lib/gcc/arm-none-eabi/10.3.1/../../../arm-none-eabi/lib/thumb/v7-m/nofp/libg_nano.a(lib_a-writer.o)
 .ARM.attributes
                0x0000000000000480       0x2d /usr/lib/gcc/arm-none-eabi/10.3.1/../../../arm-none-eabi/lib/thumb/v7-m/nofp/libg_nano.a(lib_a-closer.o)
 .ARM.attributes
                0x00000000000004ad       0x2d /usr/lib/gcc/arm-none-eabi/10.3.1/../../../arm-none-eabi/lib/thumb/v7-m/nofp/libg_nano.a(lib_a-lseekr.o)
 .ARM.attributes
                0x00000000000004da       0x2d /usr/lib/gcc/arm-none-eabi/10.3.1/../../../arm-none-eabi/lib/thumb/v7-m/nofp/libg_nano.a(lib_a-mlock.o)
 .ARM.attributes
                0x0000000000000507       0x2d /usr/lib/gcc/arm-none-eabi/10.3.1/../../../arm-none-eabi/lib/thumb/v7-m/nofp/libg_nano.a(lib_a-readr.o)
 .ARM.attributes
                0x0000000000000534       0x2d /usr/lib/gcc/arm-none-eabi/10.3.1/../../../arm-none-eabi/lib/thumb/v7-m/nofp/libg_nano.a(lib_a-reent.o)
 .ARM.attributes
                0x0000000000000561       0x2d /usr/lib/gcc/arm-none-eabi/10.3.1/../../../arm-none-eabi/lib/thumb/v7-m/nofp/librdimon_nano.a(rdimon-syscalls.o)
 .ARM.attributes
                0x000000000000058e       0x2d /usr/lib/gcc/arm-none-eabi/10.3.1/../../../arm-none-eabi/lib/thumb/v7-m/nofp/libc_nano.a(lib_a-errno.o)

.debug_frame    0x0000000000000000     0x2734
 .debug_frame   0x0000000000000000      0x8b0 ./output/tasks.o
 .debug_frame   0x00000000000008b0       0xd8 ./output/list.o
 .debug_frame   0x0000000000000988      0x630 ./output/queue.o
 .debug_frame   0x0000000000000fb8      0x3d4 ./output/timers.o
 .debug_frame   0x000000000000138c      0x150 ./output/heap_4.o
 .debug_frame   0x00000000000014dc      0x17c ./output/port.o
 .debug_frame   0x0000000000001658      0x1ac ./output/IntQueue.o
 .debug_frame   0x0000000000001804       0xb4 ./output/IntQueueTimer.o
 .debug_frame   0x00000000000018b8      0x188 ./output/main.o
 .debug_frame   0x0000000000001a40      0x184 ./output/main_blinky.o
 .debug_frame   0x0000000000001bc4       0x6c ./output/startup_gcc.o
 .debug_frame   0x0000000000001c30      0x194 ./output/printf-stdarg.o
 .debug_frame   0x0000000000001dc4       0x88 /usr/lib/gcc/arm-none-eabi/10.3.1/../../../arm-none-eabi/lib/thumb/v7-m/nofp/libg_nano.a(lib_a-fflush.o)
 .debug_frame   0x0000000000001e4c      0x120 /usr/lib/gcc/arm-none-eabi/10.3.1/../../../arm-none-eabi/lib/thumb/v7-m/nofp/libg_nano.a(lib_a-findfp.o)
 .debug_frame   0x0000000000001f6c       0x54 /usr/lib/gcc/arm-none-eabi/10.3.1/../../../arm-none-eabi/lib/thumb/v7-m/nofp/libg_nano.a(lib_a-fwalk.o)
 .debug_frame   0x0000000000001fc0       0x2c /usr/lib/gcc/arm-none-eabi/10.3.1/../../../arm-none-eabi/lib/thumb/v7-m/nofp/libg_nano.a(lib_a-memset.o)
 .debug_frame   0x0000000000001fec       0x64 /usr/lib/gcc/arm-none-eabi/10.3.1/../../../arm-none-eabi/lib/thumb/v7-m/nofp/libg_nano.a(lib_a-nano-freer.o)
 .debug_frame   0x0000000000002050       0x30 /usr/lib/gcc/arm-none-eabi/10.3.1/../../../arm-none-eabi/lib/thumb/v7-m/nofp/libg_nano.a(lib_a-nano-mallocr.o)
 .debug_frame   0x0000000000002080       0x2c /usr/lib/gcc/arm-none-eabi/10.3.1/../../../arm-none-eabi/lib/thumb/v7-m/nofp/libg_nano.a(lib_a-sbrkr.o)
 .debug_frame   0x00000000000020ac       0x8c /usr/lib/gcc/arm-none-eabi/10.3.1/../../../arm-none-eabi/lib/thumb/v7-m/nofp/libg_nano.a(lib_a-stdio.o)
 .debug_frame   0x0000000000002138       0x20 /usr/lib/gcc/arm-none-eabi/10.3.1/../../../arm-none-eabi/lib/thumb/v7-m/nofp/libg_nano.a(lib_a-strcpy.o)
 .debug_frame   0x0000000000002158       0x20 /usr/lib/gcc/arm-none-eabi/10.3.1/../../../arm-none-eabi/lib/thumb/v7-m/nofp/libg_nano.a(lib_a-strlen-stub.o)
 .debug_frame   0x0000000000002178       0x38 /usr/lib/gcc/arm-none-eabi/10.3.1/../../../arm-none-eabi/lib/thumb/v7-m/nofp/libg_nano.a(lib_a-strncmp.o)
 .debug_frame   0x00000000000021b0       0x2c /usr/lib/gcc/arm-none-eabi/10.3.1/../../../arm-none-eabi/lib/thumb/v7-m/nofp/libg_nano.a(lib_a-writer.o)
 .debug_frame   0x00000000000021dc       0x2c /usr/lib/gcc/arm-none-eabi/10.3.1/../../../arm-none-eabi/lib/thumb/v7-m/nofp/libg_nano.a(lib_a-closer.o)
 .debug_frame   0x0000000000002208       0x2c /usr/lib/gcc/arm-none-eabi/10.3.1/../../../arm-none-eabi/lib/thumb/v7-m/nofp/libg_nano.a(lib_a-lseekr.o)
 .debug_frame   0x0000000000002234       0x30 /usr/lib/gcc/arm-none-eabi/10.3.1/../../../arm-none-eabi/lib/thumb/v7-m/nofp/libg_nano.a(lib_a-mlock.o)
 .debug_frame   0x0000000000002264       0x2c /usr/lib/gcc/arm-none-eabi/10.3.1/../../../arm-none-eabi/lib/thumb/v7-m/nofp/libg_nano.a(lib_a-readr.o)
 .debug_frame   0x0000000000002290       0x70 /usr/lib/gcc/arm-none-eabi/10.3.1/../../../arm-none-eabi/lib/thumb/v7-m/nofp/libg_nano.a(lib_a-reent.o)
 .debug_frame   0x0000000000002300      0x414 /usr/lib/gcc/arm-none-eabi/10.3.1/../../../arm-none-eabi/lib/thumb/v7-m/nofp/librdimon_nano.a(rdimon-syscalls.o)
 .debug_frame   0x0000000000002714       0x20 /usr/lib/gcc/arm-none-eabi/10.3.1/../../../arm-none-eabi/lib/thumb/v7-m/nofp/libc_nano.a(lib_a-errno.o)

.debug_loc      0x0000000000000000     0x44ff
 .debug_loc     0x0000000000000000      0x4c9 /usr/lib/gcc/arm-none-eabi/10.3.1/../../../arm-none-eabi/lib/thumb/v7-m/nofp/libg_nano.a(lib_a-fflush.o)
 .debug_loc     0x00000000000004c9      0x3d9 /usr/lib/gcc/arm-none-eabi/10.3.1/../../../arm-none-eabi/lib/thumb/v7-m/nofp/libg_nano.a(lib_a-findfp.o)
 .debug_loc     0x00000000000008a2      0x1bf /usr/lib/gcc/arm-none-eabi/10.3.1/../../../arm-none-eabi/lib/thumb/v7-m/nofp/libg_nano.a(lib_a-fwalk.o)
 .debug_loc     0x0000000000000a61      0x22c /usr/lib/gcc/arm-none-eabi/10.3.1/../../../arm-none-eabi/lib/thumb/v7-m/nofp/libg_nano.a(lib_a-memset.o)
 .debug_loc     0x0000000000000c8d      0x27f /usr/lib/gcc/arm-none-eabi/10.3.1/../../../arm-none-eabi/lib/thumb/v7-m/nofp/libg_nano.a(lib_a-nano-freer.o)
 .debug_loc     0x0000000000000f0c      0x3da /usr/lib/gcc/arm-none-eabi/10.3.1/../../../arm-none-eabi/lib/thumb/v7-m/nofp/libg_nano.a(lib_a-nano-mallocr.o)
 .debug_loc     0x00000000000012e6       0x6c /usr/lib/gcc/arm-none-eabi/10.3.1/../../../arm-none-eabi/lib/thumb/v7-m/nofp/libg_nano.a(lib_a-sbrkr.o)
 .debug_loc     0x0000000000001352      0x3a0 /usr/lib/gcc/arm-none-eabi/10.3.1/../../../arm-none-eabi/lib/thumb/v7-m/nofp/libg_nano.a(lib_a-stdio.o)
 .debug_loc     0x00000000000016f2       0x25 /usr/lib/gcc/arm-none-eabi/10.3.1/../../../arm-none-eabi/lib/thumb/v7-m/nofp/libg_nano.a(lib_a-strcpy.o)
 .debug_loc     0x0000000000001717       0x25 /usr/lib/gcc/arm-none-eabi/10.3.1/../../../arm-none-eabi/lib/thumb/v7-m/nofp/libg_nano.a(lib_a-strlen-stub.o)
 .debug_loc     0x000000000000173c      0x1a7 /usr/lib/gcc/arm-none-eabi/10.3.1/../../../arm-none-eabi/lib/thumb/v7-m/nofp/libg_nano.a(lib_a-strncmp.o)
 .debug_loc     0x00000000000018e3       0xea /usr/lib/gcc/arm-none-eabi/10.3.1/../../../arm-none-eabi/lib/thumb/v7-m/nofp/libg_nano.a(lib_a-writer.o)
 .debug_loc     0x00000000000019cd       0x6c /usr/lib/gcc/arm-none-eabi/10.3.1/../../../arm-none-eabi/lib/thumb/v7-m/nofp/libg_nano.a(lib_a-closer.o)
 .debug_loc     0x0000000000001a39       0xea /usr/lib/gcc/arm-none-eabi/10.3.1/../../../arm-none-eabi/lib/thumb/v7-m/nofp/libg_nano.a(lib_a-lseekr.o)
 .debug_loc     0x0000000000001b23       0xea /usr/lib/gcc/arm-none-eabi/10.3.1/../../../arm-none-eabi/lib/thumb/v7-m/nofp/libg_nano.a(lib_a-readr.o)
 .debug_loc     0x0000000000001c0d      0x1cd /usr/lib/gcc/arm-none-eabi/10.3.1/../../../arm-none-eabi/lib/thumb/v7-m/nofp/libg_nano.a(lib_a-reent.o)
 .debug_loc     0x0000000000001dda     0x2725 /usr/lib/gcc/arm-none-eabi/10.3.1/../../../arm-none-eabi/lib/thumb/v7-m/nofp/librdimon_nano.a(rdimon-syscalls.o)